[2024-02-11T21:13:49.803+0100][gc,heap] Heap region size: 1M
[2024-02-11T21:13:49.819+0100][gc     ] Using G1
[2024-02-11T21:13:49.819+0100][gc,heap,coops] Heap address: 0x00000000c0000000, size: 1024 MB, Compressed Oops mode: 32-bit
[2024-02-11T21:13:49.819+0100][gc,cds       ] Mark closed archive regions in map: [0x00000000fff00000, 0x00000000fff6bff8]
[2024-02-11T21:13:49.819+0100][gc,cds       ] Mark open archive regions in map: [0x00000000ffe00000, 0x00000000ffe47ff8]
[2024-02-11T21:13:50.848+0100][gc,start     ] GC(0) Pause Young (Normal) (G1 Evacuation Pause)
[2024-02-11T21:13:50.849+0100][gc,task      ] GC(0) Using 8 workers of 8 for evacuation
[2024-02-11T21:13:50.859+0100][gc,phases    ] GC(0)   Pre Evacuate Collection Set: 0,0ms
[2024-02-11T21:13:50.859+0100][gc,phases    ] GC(0)   Evacuate Collection Set: 9,1ms
[2024-02-11T21:13:50.859+0100][gc,phases    ] GC(0)   Post Evacuate Collection Set: 0,6ms
[2024-02-11T21:13:50.859+0100][gc,phases    ] GC(0)   Other: 1,2ms
[2024-02-11T21:13:50.859+0100][gc,heap      ] GC(0) Eden regions: 51->0(44)
[2024-02-11T21:13:50.859+0100][gc,heap      ] GC(0) Survivor regions: 0->7(7)
[2024-02-11T21:13:50.859+0100][gc,heap      ] GC(0) Old regions: 2->2
[2024-02-11T21:13:50.859+0100][gc,heap      ] GC(0) Humongous regions: 0->0
[2024-02-11T21:13:50.859+0100][gc,metaspace ] GC(0) Metaspace: 15973K(16768K)->15973K(16768K) NonClass: 13804K(14336K)->13804K(14336K) Class: 2168K(2432K)->2168K(2432K)
[2024-02-11T21:13:50.859+0100][gc           ] GC(0) Pause Young (Normal) (G1 Evacuation Pause) 51M->7M(1024M) 11,030ms
[2024-02-11T21:13:50.859+0100][gc,cpu       ] GC(0) User=0,06s Sys=0,01s Real=0,02s
[2024-02-11T21:13:51.091+0100][gc,start     ] GC(1) Pause Young (Concurrent Start) (Metadata GC Threshold)
[2024-02-11T21:13:51.091+0100][gc,task      ] GC(1) Using 8 workers of 8 for evacuation
[2024-02-11T21:13:51.099+0100][gc,phases    ] GC(1)   Pre Evacuate Collection Set: 0,1ms
[2024-02-11T21:13:51.099+0100][gc,phases    ] GC(1)   Evacuate Collection Set: 7,9ms
[2024-02-11T21:13:51.099+0100][gc,phases    ] GC(1)   Post Evacuate Collection Set: 0,4ms
[2024-02-11T21:13:51.099+0100][gc,phases    ] GC(1)   Other: 0,2ms
[2024-02-11T21:13:51.099+0100][gc,heap      ] GC(1) Eden regions: 19->0(50)
[2024-02-11T21:13:51.099+0100][gc,heap      ] GC(1) Survivor regions: 7->1(7)
[2024-02-11T21:13:51.099+0100][gc,heap      ] GC(1) Old regions: 2->9
[2024-02-11T21:13:51.099+0100][gc,heap      ] GC(1) Humongous regions: 0->0
[2024-02-11T21:13:51.099+0100][gc,metaspace ] GC(1) Metaspace: 20509K(21248K)->20509K(21248K) NonClass: 17716K(18176K)->17716K(18176K) Class: 2793K(3072K)->2793K(3072K)
[2024-02-11T21:13:51.099+0100][gc           ] GC(1) Pause Young (Concurrent Start) (Metadata GC Threshold) 25M->8M(1024M) 8,663ms
[2024-02-11T21:13:51.099+0100][gc,cpu       ] GC(1) User=0,04s Sys=0,01s Real=0,01s
[2024-02-11T21:13:51.099+0100][gc           ] GC(2) Concurrent Cycle
[2024-02-11T21:13:51.099+0100][gc,marking   ] GC(2) Concurrent Clear Claimed Marks
[2024-02-11T21:13:51.099+0100][gc,marking   ] GC(2) Concurrent Clear Claimed Marks 0,029ms
[2024-02-11T21:13:51.099+0100][gc,marking   ] GC(2) Concurrent Scan Root Regions
[2024-02-11T21:13:51.100+0100][gc,marking   ] GC(2) Concurrent Scan Root Regions 0,760ms
[2024-02-11T21:13:51.100+0100][gc,marking   ] GC(2) Concurrent Mark (1,300s)
[2024-02-11T21:13:51.100+0100][gc,marking   ] GC(2) Concurrent Mark From Roots
[2024-02-11T21:13:51.100+0100][gc,task      ] GC(2) Using 2 workers of 2 for marking
[2024-02-11T21:13:51.107+0100][gc,marking   ] GC(2) Concurrent Mark From Roots 6,417ms
[2024-02-11T21:13:51.107+0100][gc,marking   ] GC(2) Concurrent Preclean
[2024-02-11T21:13:51.107+0100][gc,marking   ] GC(2) Concurrent Preclean 0,302ms
[2024-02-11T21:13:51.107+0100][gc,marking   ] GC(2) Concurrent Mark (1,300s, 1,307s) 6,809ms
[2024-02-11T21:13:51.107+0100][gc,start     ] GC(2) Pause Remark
[2024-02-11T21:13:51.113+0100][gc,stringtable] GC(2) Cleaned string and symbol table, strings: 5532 processed, 0 removed, symbols: 50932 processed, 57 removed
[2024-02-11T21:13:51.113+0100][gc            ] GC(2) Pause Remark 8M->8M(1024M) 5,670ms
[2024-02-11T21:13:51.113+0100][gc,cpu        ] GC(2) User=0,03s Sys=0,00s Real=0,01s
[2024-02-11T21:13:51.113+0100][gc,marking    ] GC(2) Concurrent Rebuild Remembered Sets
[2024-02-11T21:13:51.116+0100][gc,marking    ] GC(2) Concurrent Rebuild Remembered Sets 2,692ms
[2024-02-11T21:13:51.116+0100][gc,start      ] GC(2) Pause Cleanup
[2024-02-11T21:13:51.116+0100][gc            ] GC(2) Pause Cleanup 9M->9M(1024M) 0,229ms
[2024-02-11T21:13:51.116+0100][gc,cpu        ] GC(2) User=0,00s Sys=0,00s Real=0,00s
[2024-02-11T21:13:51.116+0100][gc,marking    ] GC(2) Concurrent Cleanup for Next Mark
[2024-02-11T21:13:51.122+0100][gc,marking    ] GC(2) Concurrent Cleanup for Next Mark 5,467ms
[2024-02-11T21:13:51.122+0100][gc            ] GC(2) Concurrent Cycle 22,462ms
[2024-02-11T21:13:51.739+0100][gc,start      ] GC(3) Pause Young (Normal) (G1 Evacuation Pause)
[2024-02-11T21:13:51.739+0100][gc,task       ] GC(3) Using 8 workers of 8 for evacuation
[2024-02-11T21:13:51.750+0100][gc,phases     ] GC(3)   Pre Evacuate Collection Set: 0,0ms
[2024-02-11T21:13:51.750+0100][gc,phases     ] GC(3)   Evacuate Collection Set: 10,0ms
[2024-02-11T21:13:51.750+0100][gc,phases     ] GC(3)   Post Evacuate Collection Set: 0,6ms
[2024-02-11T21:13:51.750+0100][gc,phases     ] GC(3)   Other: 0,2ms
[2024-02-11T21:13:51.750+0100][gc,heap       ] GC(3) Eden regions: 50->0(46)
[2024-02-11T21:13:51.750+0100][gc,heap       ] GC(3) Survivor regions: 1->5(7)
[2024-02-11T21:13:51.750+0100][gc,heap       ] GC(3) Old regions: 9->9
[2024-02-11T21:13:51.750+0100][gc,heap       ] GC(3) Humongous regions: 129->129
[2024-02-11T21:13:51.750+0100][gc,metaspace  ] GC(3) Metaspace: 29512K(30720K)->29512K(30720K) NonClass: 25681K(26368K)->25681K(26368K) Class: 3830K(4352K)->3830K(4352K)
[2024-02-11T21:13:51.750+0100][gc            ] GC(3) Pause Young (Normal) (G1 Evacuation Pause) 187M->140M(1024M) 10,995ms
[2024-02-11T21:13:51.750+0100][gc,cpu        ] GC(3) User=0,06s Sys=0,00s Real=0,01s
[2024-02-11T21:13:51.984+0100][gc,start      ] GC(4) Pause Young (Concurrent Start) (Metadata GC Threshold)
[2024-02-11T21:13:51.984+0100][gc,task       ] GC(4) Using 8 workers of 8 for evacuation
[2024-02-11T21:13:52.000+0100][gc,phases     ] GC(4)   Pre Evacuate Collection Set: 0,1ms
[2024-02-11T21:13:52.000+0100][gc,phases     ] GC(4)   Evacuate Collection Set: 15,7ms
[2024-02-11T21:13:52.000+0100][gc,phases     ] GC(4)   Post Evacuate Collection Set: 0,4ms
[2024-02-11T21:13:52.000+0100][gc,phases     ] GC(4)   Other: 0,3ms
[2024-02-11T21:13:52.000+0100][gc,heap       ] GC(4) Eden regions: 22->0(49)
[2024-02-11T21:13:52.001+0100][gc,heap       ] GC(4) Survivor regions: 5->2(7)
[2024-02-11T21:13:52.001+0100][gc,heap       ] GC(4) Old regions: 9->13
[2024-02-11T21:13:52.001+0100][gc,heap       ] GC(4) Humongous regions: 129->129
[2024-02-11T21:13:52.001+0100][gc,metaspace  ] GC(4) Metaspace: 34440K(35840K)->34440K(35840K) NonClass: 30006K(30720K)->30006K(30720K) Class: 4433K(5120K)->4433K(5120K)
[2024-02-11T21:13:52.001+0100][gc            ] GC(4) Pause Young (Concurrent Start) (Metadata GC Threshold) 161M->142M(1024M) 16,677ms
[2024-02-11T21:13:52.001+0100][gc,cpu        ] GC(4) User=0,10s Sys=0,00s Real=0,02s
[2024-02-11T21:13:52.001+0100][gc            ] GC(5) Concurrent Cycle
[2024-02-11T21:13:52.001+0100][gc,marking    ] GC(5) Concurrent Clear Claimed Marks
[2024-02-11T21:13:52.001+0100][gc,marking    ] GC(5) Concurrent Clear Claimed Marks 0,099ms
[2024-02-11T21:13:52.001+0100][gc,marking    ] GC(5) Concurrent Scan Root Regions
[2024-02-11T21:13:52.002+0100][gc,marking    ] GC(5) Concurrent Scan Root Regions 1,231ms
[2024-02-11T21:13:52.002+0100][gc,marking    ] GC(5) Concurrent Mark (2,202s)
[2024-02-11T21:13:52.002+0100][gc,marking    ] GC(5) Concurrent Mark From Roots
[2024-02-11T21:13:52.002+0100][gc,task       ] GC(5) Using 2 workers of 2 for marking
[2024-02-11T21:13:52.039+0100][gc,marking    ] GC(5) Concurrent Mark From Roots 36,866ms
[2024-02-11T21:13:52.039+0100][gc,marking    ] GC(5) Concurrent Preclean
[2024-02-11T21:13:52.041+0100][gc,marking    ] GC(5) Concurrent Preclean 1,698ms
[2024-02-11T21:13:52.041+0100][gc,marking    ] GC(5) Concurrent Mark (2,202s, 2,241s) 38,675ms
[2024-02-11T21:13:52.041+0100][gc,start      ] GC(5) Pause Remark
[2024-02-11T21:13:52.045+0100][gc,stringtable] GC(5) Cleaned string and symbol table, strings: 11457 processed, 11 removed, symbols: 83515 processed, 18 removed
[2024-02-11T21:13:52.046+0100][gc            ] GC(5) Pause Remark 146M->146M(1024M) 5,339ms
[2024-02-11T21:13:52.047+0100][gc,cpu        ] GC(5) User=0,04s Sys=0,00s Real=0,00s
[2024-02-11T21:13:52.047+0100][gc,marking    ] GC(5) Concurrent Rebuild Remembered Sets
[2024-02-11T21:13:52.061+0100][gc,marking    ] GC(5) Concurrent Rebuild Remembered Sets 13,961ms
[2024-02-11T21:13:52.061+0100][gc,start      ] GC(5) Pause Cleanup
[2024-02-11T21:13:52.062+0100][gc            ] GC(5) Pause Cleanup 147M->147M(1024M) 0,438ms
[2024-02-11T21:13:52.062+0100][gc,cpu        ] GC(5) User=0,01s Sys=0,00s Real=0,00s
[2024-02-11T21:13:52.062+0100][gc,marking    ] GC(5) Concurrent Cleanup for Next Mark
[2024-02-11T21:13:52.071+0100][gc,marking    ] GC(5) Concurrent Cleanup for Next Mark 9,399ms
[2024-02-11T21:13:52.071+0100][gc            ] GC(5) Concurrent Cycle 70,763ms
[2024-02-11T21:18:59.941+0100][gc,start      ] GC(6) Pause Young (Concurrent Start) (G1 Evacuation Pause)
[2024-02-11T21:18:59.941+0100][gc,task       ] GC(6) Using 8 workers of 8 for evacuation
[2024-02-11T21:18:59.951+0100][gc,phases     ] GC(6)   Pre Evacuate Collection Set: 0,2ms
[2024-02-11T21:18:59.951+0100][gc,phases     ] GC(6)   Evacuate Collection Set: 9,2ms
[2024-02-11T21:18:59.951+0100][gc,phases     ] GC(6)   Post Evacuate Collection Set: 0,7ms
[2024-02-11T21:18:59.951+0100][gc,phases     ] GC(6)   Other: 0,3ms
[2024-02-11T21:18:59.951+0100][gc,heap       ] GC(6) Eden regions: 49->0(46)
[2024-02-11T21:18:59.952+0100][gc,heap       ] GC(6) Survivor regions: 2->5(7)
[2024-02-11T21:18:59.952+0100][gc,heap       ] GC(6) Old regions: 13->13
[2024-02-11T21:18:59.952+0100][gc,heap       ] GC(6) Humongous regions: 129->129
[2024-02-11T21:18:59.952+0100][gc,metaspace  ] GC(6) Metaspace: 41603K(44288K)->41603K(44288K) NonClass: 35729K(37120K)->35729K(37120K) Class: 5874K(7168K)->5874K(7168K)
[2024-02-11T21:18:59.952+0100][gc            ] GC(6) Pause Young (Concurrent Start) (G1 Evacuation Pause) 191M->144M(1024M) 10,524ms
[2024-02-11T21:18:59.952+0100][gc,cpu        ] GC(6) User=0,08s Sys=0,00s Real=0,01s
[2024-02-11T21:18:59.952+0100][gc            ] GC(7) Concurrent Cycle
[2024-02-11T21:18:59.952+0100][gc,marking    ] GC(7) Concurrent Clear Claimed Marks
[2024-02-11T21:18:59.952+0100][gc,marking    ] GC(7) Concurrent Clear Claimed Marks 0,142ms
[2024-02-11T21:18:59.952+0100][gc,marking    ] GC(7) Concurrent Scan Root Regions
[2024-02-11T21:18:59.955+0100][gc,marking    ] GC(7) Concurrent Scan Root Regions 2,955ms
[2024-02-11T21:18:59.955+0100][gc,marking    ] GC(7) Concurrent Mark (310,155s)
[2024-02-11T21:18:59.955+0100][gc,marking    ] GC(7) Concurrent Mark From Roots
[2024-02-11T21:18:59.955+0100][gc,task       ] GC(7) Using 2 workers of 2 for marking
[2024-02-11T21:18:59.969+0100][gc,marking    ] GC(7) Concurrent Mark From Roots 14,616ms
[2024-02-11T21:18:59.969+0100][gc,marking    ] GC(7) Concurrent Preclean
[2024-02-11T21:18:59.970+0100][gc,marking    ] GC(7) Concurrent Preclean 0,270ms
[2024-02-11T21:18:59.970+0100][gc,marking    ] GC(7) Concurrent Mark (310,155s, 310,170s) 14,979ms
[2024-02-11T21:18:59.970+0100][gc,start      ] GC(7) Pause Remark
[2024-02-11T21:18:59.973+0100][gc,stringtable] GC(7) Cleaned string and symbol table, strings: 12818 processed, 5 removed, symbols: 90102 processed, 5 removed
[2024-02-11T21:18:59.974+0100][gc            ] GC(7) Pause Remark 145M->145M(1024M) 3,723ms
[2024-02-11T21:18:59.974+0100][gc,cpu        ] GC(7) User=0,02s Sys=0,00s Real=0,00s
[2024-02-11T21:18:59.974+0100][gc,marking    ] GC(7) Concurrent Rebuild Remembered Sets
[2024-02-11T21:18:59.979+0100][gc,marking    ] GC(7) Concurrent Rebuild Remembered Sets 5,667ms
[2024-02-11T21:18:59.980+0100][gc,start      ] GC(7) Pause Cleanup
[2024-02-11T21:18:59.980+0100][gc            ] GC(7) Pause Cleanup 145M->145M(1024M) 0,260ms
[2024-02-11T21:18:59.980+0100][gc,cpu        ] GC(7) User=0,00s Sys=0,00s Real=0,00s
[2024-02-11T21:18:59.980+0100][gc,marking    ] GC(7) Concurrent Cleanup for Next Mark
[2024-02-11T21:18:59.981+0100][gc,marking    ] GC(7) Concurrent Cleanup for Next Mark 1,017ms
[2024-02-11T21:18:59.981+0100][gc            ] GC(7) Concurrent Cycle 29,359ms
[2024-02-11T21:35:54.049+0100][gc,start      ] GC(8) Pause Young (Normal) (G1 Evacuation Pause)
[2024-02-11T21:35:54.049+0100][gc,task       ] GC(8) Using 8 workers of 8 for evacuation
[2024-02-11T21:35:54.056+0100][gc,phases     ] GC(8)   Pre Evacuate Collection Set: 0,0ms
[2024-02-11T21:35:54.056+0100][gc,phases     ] GC(8)   Evacuate Collection Set: 5,9ms
[2024-02-11T21:35:54.056+0100][gc,phases     ] GC(8)   Post Evacuate Collection Set: 0,7ms
[2024-02-11T21:35:54.056+0100][gc,phases     ] GC(8)   Other: 0,3ms
[2024-02-11T21:35:54.056+0100][gc,heap       ] GC(8) Eden regions: 46->0(45)
[2024-02-11T21:35:54.056+0100][gc,heap       ] GC(8) Survivor regions: 5->6(7)
[2024-02-11T21:35:54.056+0100][gc,heap       ] GC(8) Old regions: 13->15
[2024-02-11T21:35:54.056+0100][gc,heap       ] GC(8) Humongous regions: 129->129
[2024-02-11T21:35:54.056+0100][gc,metaspace  ] GC(8) Metaspace: 43948K(47104K)->43948K(47104K) NonClass: 37759K(39424K)->37759K(39424K) Class: 6188K(7680K)->6188K(7680K)
[2024-02-11T21:35:54.056+0100][gc            ] GC(8) Pause Young (Normal) (G1 Evacuation Pause) 190M->147M(1024M) 7,022ms
[2024-02-11T21:35:54.056+0100][gc,cpu        ] GC(8) User=0,04s Sys=0,00s Real=0,01s
[2024-02-11T21:35:57.583+0100][gc,heap,exit  ] Heap
[2024-02-11T21:35:57.583+0100][gc,heap,exit  ]  garbage-first heap   total 1048576K, used 154792K [0x00000000c0000000, 0x0000000100000000)
[2024-02-11T21:35:57.583+0100][gc,heap,exit  ]   region size 1024K, 11 young (11264K), 6 survivors (6144K)
[2024-02-11T21:35:57.583+0100][gc,heap,exit  ]  Metaspace       used 44042K, capacity 46912K, committed 47104K, reserved 1089536K
[2024-02-11T21:35:57.583+0100][gc,heap,exit  ]   class space    used 6217K, capacity 7602K, committed 7680K, reserved 1048576K
