[2024-02-11T21:49:56.448+0100][gc,heap] Heap region size: 1M
[2024-02-11T21:49:56.464+0100][gc     ] Using G1
[2024-02-11T21:49:56.464+0100][gc,heap,coops] Heap address: 0x00000000c0000000, size: 1024 MB, Compressed Oops mode: 32-bit
[2024-02-11T21:49:56.464+0100][gc,cds       ] Mark closed archive regions in map: [0x00000000fff00000, 0x00000000fff6bff8]
[2024-02-11T21:49:56.464+0100][gc,cds       ] Mark open archive regions in map: [0x00000000ffe00000, 0x00000000ffe47ff8]
[2024-02-11T21:49:57.556+0100][gc,start     ] GC(0) Pause Young (Normal) (G1 Evacuation Pause)
[2024-02-11T21:49:57.557+0100][gc,task      ] GC(0) Using 8 workers of 8 for evacuation
[2024-02-11T21:49:57.566+0100][gc,phases    ] GC(0)   Pre Evacuate Collection Set: 0,0ms
[2024-02-11T21:49:57.566+0100][gc,phases    ] GC(0)   Evacuate Collection Set: 8,8ms
[2024-02-11T21:49:57.566+0100][gc,phases    ] GC(0)   Post Evacuate Collection Set: 0,5ms
[2024-02-11T21:49:57.566+0100][gc,phases    ] GC(0)   Other: 1,2ms
[2024-02-11T21:49:57.566+0100][gc,heap      ] GC(0) Eden regions: 51->0(44)
[2024-02-11T21:49:57.566+0100][gc,heap      ] GC(0) Survivor regions: 0->7(7)
[2024-02-11T21:49:57.566+0100][gc,heap      ] GC(0) Old regions: 2->3
[2024-02-11T21:49:57.566+0100][gc,heap      ] GC(0) Humongous regions: 0->0
[2024-02-11T21:49:57.567+0100][gc,metaspace ] GC(0) Metaspace: 16007K(16768K)->16007K(16768K) NonClass: 13845K(14336K)->13845K(14336K) Class: 2161K(2432K)->2161K(2432K)
[2024-02-11T21:49:57.567+0100][gc           ] GC(0) Pause Young (Normal) (G1 Evacuation Pause) 51M->7M(1024M) 10,658ms
[2024-02-11T21:49:57.567+0100][gc,cpu       ] GC(0) User=0,06s Sys=0,00s Real=0,01s
[2024-02-11T21:49:57.812+0100][gc,start     ] GC(1) Pause Young (Concurrent Start) (Metadata GC Threshold)
[2024-02-11T21:49:57.812+0100][gc,task      ] GC(1) Using 8 workers of 8 for evacuation
[2024-02-11T21:49:57.824+0100][gc,phases    ] GC(1)   Pre Evacuate Collection Set: 0,1ms
[2024-02-11T21:49:57.824+0100][gc,phases    ] GC(1)   Evacuate Collection Set: 11,3ms
[2024-02-11T21:49:57.824+0100][gc,phases    ] GC(1)   Post Evacuate Collection Set: 0,5ms
[2024-02-11T21:49:57.824+0100][gc,phases    ] GC(1)   Other: 0,3ms
[2024-02-11T21:49:57.824+0100][gc,heap      ] GC(1) Eden regions: 18->0(50)
[2024-02-11T21:49:57.824+0100][gc,heap      ] GC(1) Survivor regions: 7->1(7)
[2024-02-11T21:49:57.824+0100][gc,heap      ] GC(1) Old regions: 3->9
[2024-02-11T21:49:57.824+0100][gc,heap      ] GC(1) Humongous regions: 0->0
[2024-02-11T21:49:57.824+0100][gc,metaspace ] GC(1) Metaspace: 20564K(21248K)->20564K(21248K) NonClass: 17768K(18176K)->17768K(18176K) Class: 2795K(3072K)->2795K(3072K)
[2024-02-11T21:49:57.824+0100][gc           ] GC(1) Pause Young (Concurrent Start) (Metadata GC Threshold) 25M->8M(1024M) 12,285ms
[2024-02-11T21:49:57.824+0100][gc,cpu       ] GC(1) User=0,05s Sys=0,01s Real=0,01s
[2024-02-11T21:49:57.824+0100][gc           ] GC(2) Concurrent Cycle
[2024-02-11T21:49:57.824+0100][gc,marking   ] GC(2) Concurrent Clear Claimed Marks
[2024-02-11T21:49:57.824+0100][gc,marking   ] GC(2) Concurrent Clear Claimed Marks 0,063ms
[2024-02-11T21:49:57.824+0100][gc,marking   ] GC(2) Concurrent Scan Root Regions
[2024-02-11T21:49:57.825+0100][gc,marking   ] GC(2) Concurrent Scan Root Regions 1,098ms
[2024-02-11T21:49:57.825+0100][gc,marking   ] GC(2) Concurrent Mark (1,380s)
[2024-02-11T21:49:57.825+0100][gc,marking   ] GC(2) Concurrent Mark From Roots
[2024-02-11T21:49:57.826+0100][gc,task      ] GC(2) Using 2 workers of 2 for marking
[2024-02-11T21:49:57.831+0100][gc,marking   ] GC(2) Concurrent Mark From Roots 5,113ms
[2024-02-11T21:49:57.831+0100][gc,marking   ] GC(2) Concurrent Preclean
[2024-02-11T21:49:57.831+0100][gc,marking   ] GC(2) Concurrent Preclean 0,195ms
[2024-02-11T21:49:57.831+0100][gc,marking   ] GC(2) Concurrent Mark (1,380s, 1,386s) 5,377ms
[2024-02-11T21:49:57.831+0100][gc,start     ] GC(2) Pause Remark
[2024-02-11T21:49:57.836+0100][gc,stringtable] GC(2) Cleaned string and symbol table, strings: 5458 processed, 0 removed, symbols: 50887 processed, 55 removed
[2024-02-11T21:49:57.836+0100][gc            ] GC(2) Pause Remark 8M->8M(1024M) 5,395ms
[2024-02-11T21:49:57.836+0100][gc,cpu        ] GC(2) User=0,03s Sys=0,00s Real=0,00s
[2024-02-11T21:49:57.836+0100][gc,marking    ] GC(2) Concurrent Rebuild Remembered Sets
[2024-02-11T21:49:57.840+0100][gc,marking    ] GC(2) Concurrent Rebuild Remembered Sets 3,906ms
[2024-02-11T21:49:57.841+0100][gc,start      ] GC(2) Pause Cleanup
[2024-02-11T21:49:57.841+0100][gc            ] GC(2) Pause Cleanup 9M->9M(1024M) 0,356ms
[2024-02-11T21:49:57.841+0100][gc,cpu        ] GC(2) User=0,00s Sys=0,00s Real=0,00s
[2024-02-11T21:49:57.841+0100][gc,marking    ] GC(2) Concurrent Cleanup for Next Mark
[2024-02-11T21:49:57.847+0100][gc,marking    ] GC(2) Concurrent Cleanup for Next Mark 5,775ms
[2024-02-11T21:49:57.847+0100][gc            ] GC(2) Concurrent Cycle 22,478ms
[2024-02-11T21:49:58.678+0100][gc,start      ] GC(3) Pause Young (Normal) (G1 Evacuation Pause)
[2024-02-11T21:49:58.679+0100][gc,task       ] GC(3) Using 8 workers of 8 for evacuation
[2024-02-11T21:49:58.682+0100][gc,phases     ] GC(3)   Pre Evacuate Collection Set: 0,0ms
[2024-02-11T21:49:58.682+0100][gc,phases     ] GC(3)   Evacuate Collection Set: 2,7ms
[2024-02-11T21:49:58.682+0100][gc,phases     ] GC(3)   Post Evacuate Collection Set: 0,4ms
[2024-02-11T21:49:58.682+0100][gc,phases     ] GC(3)   Other: 0,1ms
[2024-02-11T21:49:58.682+0100][gc,heap       ] GC(3) Eden regions: 50->0(47)
[2024-02-11T21:49:58.682+0100][gc,heap       ] GC(3) Survivor regions: 1->4(7)
[2024-02-11T21:49:58.682+0100][gc,heap       ] GC(3) Old regions: 9->9
[2024-02-11T21:49:58.682+0100][gc,heap       ] GC(3) Humongous regions: 129->129
[2024-02-11T21:49:58.682+0100][gc,metaspace  ] GC(3) Metaspace: 29070K(30460K)->29070K(30460K) NonClass: 25289K(26112K)->25289K(26112K) Class: 3781K(4348K)->3781K(4348K)
[2024-02-11T21:49:58.682+0100][gc            ] GC(3) Pause Young (Normal) (G1 Evacuation Pause) 187M->140M(1024M) 3,321ms
[2024-02-11T21:49:58.682+0100][gc,cpu        ] GC(3) User=0,01s Sys=0,01s Real=0,00s
[2024-02-11T21:49:58.985+0100][gc,start      ] GC(4) Pause Young (Concurrent Start) (Metadata GC Threshold)
[2024-02-11T21:49:58.985+0100][gc,task       ] GC(4) Using 8 workers of 8 for evacuation
[2024-02-11T21:49:58.992+0100][gc,phases     ] GC(4)   Pre Evacuate Collection Set: 0,2ms
[2024-02-11T21:49:58.992+0100][gc,phases     ] GC(4)   Evacuate Collection Set: 6,2ms
[2024-02-11T21:49:58.993+0100][gc,phases     ] GC(4)   Post Evacuate Collection Set: 0,4ms
[2024-02-11T21:49:58.993+0100][gc,phases     ] GC(4)   Other: 0,7ms
[2024-02-11T21:49:58.993+0100][gc,heap       ] GC(4) Eden regions: 29->0(45)
[2024-02-11T21:49:58.993+0100][gc,heap       ] GC(4) Survivor regions: 4->6(7)
[2024-02-11T21:49:58.993+0100][gc,heap       ] GC(4) Old regions: 9->10
[2024-02-11T21:49:58.993+0100][gc,heap       ] GC(4) Humongous regions: 129->129
[2024-02-11T21:49:58.993+0100][gc,metaspace  ] GC(4) Metaspace: 34713K(36048K)->34713K(36048K) NonClass: 30226K(30932K)->30226K(30932K) Class: 4486K(5116K)->4486K(5116K)
[2024-02-11T21:49:58.993+0100][gc            ] GC(4) Pause Young (Concurrent Start) (Metadata GC Threshold) 169M->142M(1024M) 7,208ms
[2024-02-11T21:49:58.993+0100][gc,cpu        ] GC(4) User=0,04s Sys=0,00s Real=0,01s
[2024-02-11T21:49:58.993+0100][gc            ] GC(5) Concurrent Cycle
[2024-02-11T21:49:58.993+0100][gc,marking    ] GC(5) Concurrent Clear Claimed Marks
[2024-02-11T21:49:58.993+0100][gc,marking    ] GC(5) Concurrent Clear Claimed Marks 0,148ms
[2024-02-11T21:49:58.993+0100][gc,marking    ] GC(5) Concurrent Scan Root Regions
[2024-02-11T21:49:58.997+0100][gc,marking    ] GC(5) Concurrent Scan Root Regions 3,945ms
[2024-02-11T21:49:58.997+0100][gc,marking    ] GC(5) Concurrent Mark (2,552s)
[2024-02-11T21:49:58.997+0100][gc,marking    ] GC(5) Concurrent Mark From Roots
[2024-02-11T21:49:58.997+0100][gc,task       ] GC(5) Using 2 workers of 2 for marking
[2024-02-11T21:49:59.007+0100][gc,marking    ] GC(5) Concurrent Mark From Roots 10,305ms
[2024-02-11T21:49:59.008+0100][gc,marking    ] GC(5) Concurrent Preclean
[2024-02-11T21:49:59.008+0100][gc,marking    ] GC(5) Concurrent Preclean 0,475ms
[2024-02-11T21:49:59.008+0100][gc,marking    ] GC(5) Concurrent Mark (2,552s, 2,563s) 11,311ms
[2024-02-11T21:49:59.009+0100][gc,start      ] GC(5) Pause Remark
[2024-02-11T21:49:59.013+0100][gc,stringtable] GC(5) Cleaned string and symbol table, strings: 11675 processed, 10 removed, symbols: 81565 processed, 17 removed
[2024-02-11T21:49:59.013+0100][gc            ] GC(5) Pause Remark 143M->143M(1024M) 4,213ms
[2024-02-11T21:49:59.013+0100][gc,cpu        ] GC(5) User=0,01s Sys=0,00s Real=0,01s
[2024-02-11T21:49:59.013+0100][gc,marking    ] GC(5) Concurrent Rebuild Remembered Sets
[2024-02-11T21:49:59.020+0100][gc,marking    ] GC(5) Concurrent Rebuild Remembered Sets 6,619ms
[2024-02-11T21:49:59.021+0100][gc,start      ] GC(5) Pause Cleanup
[2024-02-11T21:49:59.022+0100][gc            ] GC(5) Pause Cleanup 144M->144M(1024M) 0,708ms
[2024-02-11T21:49:59.022+0100][gc,cpu        ] GC(5) User=0,00s Sys=0,00s Real=0,00s
[2024-02-11T21:49:59.022+0100][gc,marking    ] GC(5) Concurrent Cleanup for Next Mark
[2024-02-11T21:49:59.031+0100][gc,marking    ] GC(5) Concurrent Cleanup for Next Mark 8,914ms
[2024-02-11T21:49:59.031+0100][gc            ] GC(5) Concurrent Cycle 38,254ms
[2024-02-11T21:59:09.376+0100][gc,start      ] GC(6) Pause Young (Normal) (G1 Evacuation Pause)
[2024-02-11T21:59:09.376+0100][gc,task       ] GC(6) Using 8 workers of 8 for evacuation
[2024-02-11T21:59:09.385+0100][gc,phases     ] GC(6)   Pre Evacuate Collection Set: 0,0ms
[2024-02-11T21:59:09.385+0100][gc,phases     ] GC(6)   Evacuate Collection Set: 8,1ms
[2024-02-11T21:59:09.385+0100][gc,phases     ] GC(6)   Post Evacuate Collection Set: 0,6ms
[2024-02-11T21:59:09.385+0100][gc,phases     ] GC(6)   Other: 0,4ms
[2024-02-11T21:59:09.385+0100][gc,heap       ] GC(6) Eden regions: 45->0(46)
[2024-02-11T21:59:09.385+0100][gc,heap       ] GC(6) Survivor regions: 6->5(7)
[2024-02-11T21:59:09.385+0100][gc,heap       ] GC(6) Old regions: 10->13
[2024-02-11T21:59:09.385+0100][gc,heap       ] GC(6) Humongous regions: 141->129
[2024-02-11T21:59:09.385+0100][gc,metaspace  ] GC(6) Metaspace: 40794K(43420K)->40794K(43420K) NonClass: 35116K(36564K)->35116K(36564K) Class: 5677K(6856K)->5677K(6856K)
[2024-02-11T21:59:09.385+0100][gc            ] GC(6) Pause Young (Normal) (G1 Evacuation Pause) 199M->144M(1024M) 9,253ms
[2024-02-11T21:59:09.385+0100][gc,cpu        ] GC(6) User=0,07s Sys=0,00s Real=0,01s
[2024-02-11T22:15:30.252+0100][gc,start      ] GC(7) Pause Young (Normal) (G1 Evacuation Pause)
[2024-02-11T22:15:30.252+0100][gc,task       ] GC(7) Using 8 workers of 8 for evacuation
[2024-02-11T22:15:30.266+0100][gc,phases     ] GC(7)   Pre Evacuate Collection Set: 0,1ms
[2024-02-11T22:15:30.266+0100][gc,phases     ] GC(7)   Evacuate Collection Set: 13,0ms
[2024-02-11T22:15:30.266+0100][gc,phases     ] GC(7)   Post Evacuate Collection Set: 0,8ms
[2024-02-11T22:15:30.266+0100][gc,phases     ] GC(7)   Other: 0,5ms
[2024-02-11T22:15:30.266+0100][gc,heap       ] GC(7) Eden regions: 46->0(46)
[2024-02-11T22:15:30.266+0100][gc,heap       ] GC(7) Survivor regions: 5->5(7)
[2024-02-11T22:15:30.266+0100][gc,heap       ] GC(7) Old regions: 13->16
[2024-02-11T22:15:30.266+0100][gc,heap       ] GC(7) Humongous regions: 129->129
[2024-02-11T22:15:30.266+0100][gc,metaspace  ] GC(7) Metaspace: 43712K(46620K)->43712K(46620K) NonClass: 37592K(39124K)->37592K(39124K) Class: 6120K(7496K)->6120K(7496K)
[2024-02-11T22:15:30.267+0100][gc            ] GC(7) Pause Young (Normal) (G1 Evacuation Pause) 190M->147M(1024M) 14,431ms
[2024-02-11T22:15:30.267+0100][gc,cpu        ] GC(7) User=0,09s Sys=0,00s Real=0,01s
[2024-02-12T09:36:32.646+0100][gc,start      ] GC(8) Pause Young (Normal) (G1 Evacuation Pause)
[2024-02-12T09:36:32.646+0100][gc,task       ] GC(8) Using 8 workers of 8 for evacuation
[2024-02-12T09:36:32.660+0100][gc,phases     ] GC(8)   Pre Evacuate Collection Set: 0,1ms
[2024-02-12T09:36:32.660+0100][gc,phases     ] GC(8)   Evacuate Collection Set: 11,3ms
[2024-02-12T09:36:32.660+0100][gc,phases     ] GC(8)   Post Evacuate Collection Set: 2,0ms
[2024-02-12T09:36:32.660+0100][gc,phases     ] GC(8)   Other: 0,5ms
[2024-02-12T09:36:32.660+0100][gc,heap       ] GC(8) Eden regions: 46->0(48)
[2024-02-12T09:36:32.660+0100][gc,heap       ] GC(8) Survivor regions: 5->3(7)
[2024-02-12T09:36:32.660+0100][gc,heap       ] GC(8) Old regions: 16->17
[2024-02-12T09:36:32.660+0100][gc,heap       ] GC(8) Humongous regions: 129->129
[2024-02-12T09:36:32.660+0100][gc,metaspace  ] GC(8) Metaspace: 43876K(46876K)->43876K(46876K) NonClass: 37746K(39380K)->37746K(39380K) Class: 6130K(7496K)->6130K(7496K)
[2024-02-12T09:36:32.660+0100][gc            ] GC(8) Pause Young (Normal) (G1 Evacuation Pause) 193M->147M(1024M) 14,280ms
[2024-02-12T09:36:32.661+0100][gc,cpu        ] GC(8) User=0,08s Sys=0,00s Real=0,02s
[2024-02-12T09:39:37.976+0100][gc,heap,exit  ] Heap
[2024-02-12T09:39:37.976+0100][gc,heap,exit  ]  garbage-first heap   total 1048576K, used 169670K [0x00000000c0000000, 0x0000000100000000)
[2024-02-12T09:39:37.976+0100][gc,heap,exit  ]   region size 1024K, 22 young (22528K), 3 survivors (3072K)
[2024-02-12T09:39:37.976+0100][gc,heap,exit  ]  Metaspace       used 44687K, capacity 47730K, committed 48028K, reserved 1089536K
[2024-02-12T09:39:37.976+0100][gc,heap,exit  ]   class space    used 6348K, capacity 7816K, committed 7880K, reserved 1048576K
