[2024-02-11T21:36:25.344+0100][gc,heap] Heap region size: 1M
[2024-02-11T21:36:25.362+0100][gc     ] Using G1
[2024-02-11T21:36:25.362+0100][gc,heap,coops] Heap address: 0x00000000c0000000, size: 1024 MB, Compressed Oops mode: 32-bit
[2024-02-11T21:36:25.362+0100][gc,cds       ] Mark closed archive regions in map: [0x00000000fff00000, 0x00000000fff6bff8]
[2024-02-11T21:36:25.362+0100][gc,cds       ] Mark open archive regions in map: [0x00000000ffe00000, 0x00000000ffe47ff8]
[2024-02-11T21:36:26.342+0100][gc,start     ] GC(0) Pause Young (Normal) (G1 Evacuation Pause)
[2024-02-11T21:36:26.343+0100][gc,task      ] GC(0) Using 8 workers of 8 for evacuation
[2024-02-11T21:36:26.352+0100][gc,phases    ] GC(0)   Pre Evacuate Collection Set: 0,0ms
[2024-02-11T21:36:26.352+0100][gc,phases    ] GC(0)   Evacuate Collection Set: 8,3ms
[2024-02-11T21:36:26.352+0100][gc,phases    ] GC(0)   Post Evacuate Collection Set: 0,6ms
[2024-02-11T21:36:26.352+0100][gc,phases    ] GC(0)   Other: 1,2ms
[2024-02-11T21:36:26.352+0100][gc,heap      ] GC(0) Eden regions: 51->0(44)
[2024-02-11T21:36:26.352+0100][gc,heap      ] GC(0) Survivor regions: 0->7(7)
[2024-02-11T21:36:26.352+0100][gc,heap      ] GC(0) Old regions: 2->2
[2024-02-11T21:36:26.352+0100][gc,heap      ] GC(0) Humongous regions: 0->0
[2024-02-11T21:36:26.352+0100][gc,metaspace ] GC(0) Metaspace: 16008K(16768K)->16008K(16768K) NonClass: 13846K(14336K)->13846K(14336K) Class: 2162K(2432K)->2162K(2432K)
[2024-02-11T21:36:26.352+0100][gc           ] GC(0) Pause Young (Normal) (G1 Evacuation Pause) 51M->7M(1024M) 10,193ms
[2024-02-11T21:36:26.352+0100][gc,cpu       ] GC(0) User=0,06s Sys=0,00s Real=0,01s
[2024-02-11T21:36:26.585+0100][gc,start     ] GC(1) Pause Young (Concurrent Start) (Metadata GC Threshold)
[2024-02-11T21:36:26.585+0100][gc,task      ] GC(1) Using 8 workers of 8 for evacuation
[2024-02-11T21:36:26.595+0100][gc,phases    ] GC(1)   Pre Evacuate Collection Set: 0,1ms
[2024-02-11T21:36:26.595+0100][gc,phases    ] GC(1)   Evacuate Collection Set: 9,1ms
[2024-02-11T21:36:26.595+0100][gc,phases    ] GC(1)   Post Evacuate Collection Set: 0,5ms
[2024-02-11T21:36:26.595+0100][gc,phases    ] GC(1)   Other: 0,3ms
[2024-02-11T21:36:26.595+0100][gc,heap      ] GC(1) Eden regions: 18->0(50)
[2024-02-11T21:36:26.595+0100][gc,heap      ] GC(1) Survivor regions: 7->1(7)
[2024-02-11T21:36:26.595+0100][gc,heap      ] GC(1) Old regions: 2->9
[2024-02-11T21:36:26.595+0100][gc,heap      ] GC(1) Humongous regions: 0->0
[2024-02-11T21:36:26.595+0100][gc,metaspace ] GC(1) Metaspace: 20552K(21248K)->20552K(21248K) NonClass: 17756K(18176K)->17756K(18176K) Class: 2795K(3072K)->2795K(3072K)
[2024-02-11T21:36:26.595+0100][gc           ] GC(1) Pause Young (Concurrent Start) (Metadata GC Threshold) 25M->8M(1024M) 10,080ms
[2024-02-11T21:36:26.595+0100][gc,cpu       ] GC(1) User=0,05s Sys=0,00s Real=0,01s
[2024-02-11T21:36:26.595+0100][gc           ] GC(2) Concurrent Cycle
[2024-02-11T21:36:26.595+0100][gc,marking   ] GC(2) Concurrent Clear Claimed Marks
[2024-02-11T21:36:26.596+0100][gc,marking   ] GC(2) Concurrent Clear Claimed Marks 0,098ms
[2024-02-11T21:36:26.596+0100][gc,marking   ] GC(2) Concurrent Scan Root Regions
[2024-02-11T21:36:26.596+0100][gc,marking   ] GC(2) Concurrent Scan Root Regions 0,900ms
[2024-02-11T21:36:26.596+0100][gc,marking   ] GC(2) Concurrent Mark (1,256s)
[2024-02-11T21:36:26.596+0100][gc,marking   ] GC(2) Concurrent Mark From Roots
[2024-02-11T21:36:26.597+0100][gc,task      ] GC(2) Using 2 workers of 2 for marking
[2024-02-11T21:36:26.603+0100][gc,marking   ] GC(2) Concurrent Mark From Roots 6,770ms
[2024-02-11T21:36:26.603+0100][gc,marking   ] GC(2) Concurrent Preclean
[2024-02-11T21:36:26.604+0100][gc,marking   ] GC(2) Concurrent Preclean 0,218ms
[2024-02-11T21:36:26.604+0100][gc,marking   ] GC(2) Concurrent Mark (1,256s, 1,263s) 7,046ms
[2024-02-11T21:36:26.604+0100][gc,start     ] GC(2) Pause Remark
[2024-02-11T21:36:26.605+0100][gc,stringtable] GC(2) Cleaned string and symbol table, strings: 5454 processed, 0 removed, symbols: 50742 processed, 55 removed
[2024-02-11T21:36:26.606+0100][gc            ] GC(2) Pause Remark 8M->8M(1024M) 2,065ms
[2024-02-11T21:36:26.606+0100][gc,cpu        ] GC(2) User=0,01s Sys=0,00s Real=0,00s
[2024-02-11T21:36:26.606+0100][gc,marking    ] GC(2) Concurrent Rebuild Remembered Sets
[2024-02-11T21:36:26.609+0100][gc,marking    ] GC(2) Concurrent Rebuild Remembered Sets 3,171ms
[2024-02-11T21:36:26.609+0100][gc,start      ] GC(2) Pause Cleanup
[2024-02-11T21:36:26.609+0100][gc            ] GC(2) Pause Cleanup 9M->9M(1024M) 0,295ms
[2024-02-11T21:36:26.609+0100][gc,cpu        ] GC(2) User=0,01s Sys=0,01s Real=0,01s
[2024-02-11T21:36:26.610+0100][gc,marking    ] GC(2) Concurrent Cleanup for Next Mark
[2024-02-11T21:36:26.615+0100][gc,marking    ] GC(2) Concurrent Cleanup for Next Mark 5,643ms
[2024-02-11T21:36:26.615+0100][gc            ] GC(2) Concurrent Cycle 19,793ms
[2024-02-11T21:36:27.446+0100][gc,start      ] GC(3) Pause Young (Normal) (G1 Evacuation Pause)
[2024-02-11T21:36:27.446+0100][gc,task       ] GC(3) Using 8 workers of 8 for evacuation
[2024-02-11T21:36:27.450+0100][gc,phases     ] GC(3)   Pre Evacuate Collection Set: 0,0ms
[2024-02-11T21:36:27.450+0100][gc,phases     ] GC(3)   Evacuate Collection Set: 3,5ms
[2024-02-11T21:36:27.450+0100][gc,phases     ] GC(3)   Post Evacuate Collection Set: 0,4ms
[2024-02-11T21:36:27.450+0100][gc,phases     ] GC(3)   Other: 0,1ms
[2024-02-11T21:36:27.450+0100][gc,heap       ] GC(3) Eden regions: 50->0(47)
[2024-02-11T21:36:27.450+0100][gc,heap       ] GC(3) Survivor regions: 1->4(7)
[2024-02-11T21:36:27.450+0100][gc,heap       ] GC(3) Old regions: 9->9
[2024-02-11T21:36:27.450+0100][gc,heap       ] GC(3) Humongous regions: 129->129
[2024-02-11T21:36:27.450+0100][gc,metaspace  ] GC(3) Metaspace: 29030K(30460K)->29030K(30460K) NonClass: 25249K(26112K)->25249K(26112K) Class: 3780K(4348K)->3780K(4348K)
[2024-02-11T21:36:27.450+0100][gc            ] GC(3) Pause Young (Normal) (G1 Evacuation Pause) 187M->140M(1024M) 4,178ms
[2024-02-11T21:36:27.450+0100][gc,cpu        ] GC(3) User=0,02s Sys=0,00s Real=0,01s
[2024-02-11T21:36:27.750+0100][gc,start      ] GC(4) Pause Young (Concurrent Start) (Metadata GC Threshold)
[2024-02-11T21:36:27.750+0100][gc,task       ] GC(4) Using 8 workers of 8 for evacuation
[2024-02-11T21:36:27.757+0100][gc,phases     ] GC(4)   Pre Evacuate Collection Set: 0,1ms
[2024-02-11T21:36:27.757+0100][gc,phases     ] GC(4)   Evacuate Collection Set: 6,2ms
[2024-02-11T21:36:27.757+0100][gc,phases     ] GC(4)   Post Evacuate Collection Set: 0,4ms
[2024-02-11T21:36:27.757+0100][gc,phases     ] GC(4)   Other: 0,2ms
[2024-02-11T21:36:27.757+0100][gc,heap       ] GC(4) Eden regions: 28->0(45)
[2024-02-11T21:36:27.757+0100][gc,heap       ] GC(4) Survivor regions: 4->6(7)
[2024-02-11T21:36:27.757+0100][gc,heap       ] GC(4) Old regions: 9->10
[2024-02-11T21:36:27.757+0100][gc,heap       ] GC(4) Humongous regions: 129->129
[2024-02-11T21:36:27.757+0100][gc,metaspace  ] GC(4) Metaspace: 34455K(36048K)->34455K(36048K) NonClass: 30008K(30932K)->30008K(30932K) Class: 4447K(5116K)->4447K(5116K)
[2024-02-11T21:36:27.757+0100][gc            ] GC(4) Pause Young (Concurrent Start) (Metadata GC Threshold) 167M->142M(1024M) 7,185ms
[2024-02-11T21:36:27.757+0100][gc,cpu        ] GC(4) User=0,05s Sys=0,01s Real=0,01s
[2024-02-11T21:36:27.757+0100][gc            ] GC(5) Concurrent Cycle
[2024-02-11T21:36:27.757+0100][gc,marking    ] GC(5) Concurrent Clear Claimed Marks
[2024-02-11T21:36:27.757+0100][gc,marking    ] GC(5) Concurrent Clear Claimed Marks 0,083ms
[2024-02-11T21:36:27.757+0100][gc,marking    ] GC(5) Concurrent Scan Root Regions
[2024-02-11T21:36:27.761+0100][gc,marking    ] GC(5) Concurrent Scan Root Regions 3,541ms
[2024-02-11T21:36:27.761+0100][gc,marking    ] GC(5) Concurrent Mark (2,420s)
[2024-02-11T21:36:27.761+0100][gc,marking    ] GC(5) Concurrent Mark From Roots
[2024-02-11T21:36:27.761+0100][gc,task       ] GC(5) Using 2 workers of 2 for marking
[2024-02-11T21:36:27.772+0100][gc,marking    ] GC(5) Concurrent Mark From Roots 10,907ms
[2024-02-11T21:36:27.772+0100][gc,marking    ] GC(5) Concurrent Preclean
[2024-02-11T21:36:27.773+0100][gc,marking    ] GC(5) Concurrent Preclean 0,534ms
[2024-02-11T21:36:27.773+0100][gc,marking    ] GC(5) Concurrent Mark (2,420s, 2,432s) 12,036ms
[2024-02-11T21:36:27.774+0100][gc,start      ] GC(5) Pause Remark
[2024-02-11T21:36:27.777+0100][gc,stringtable] GC(5) Cleaned string and symbol table, strings: 11805 processed, 13 removed, symbols: 81546 processed, 17 removed
[2024-02-11T21:36:27.777+0100][gc            ] GC(5) Pause Remark 143M->143M(1024M) 2,972ms
[2024-02-11T21:36:27.777+0100][gc,cpu        ] GC(5) User=0,02s Sys=0,00s Real=0,00s
[2024-02-11T21:36:27.777+0100][gc,marking    ] GC(5) Concurrent Rebuild Remembered Sets
[2024-02-11T21:36:27.783+0100][gc,marking    ] GC(5) Concurrent Rebuild Remembered Sets 5,679ms
[2024-02-11T21:36:27.783+0100][gc,start      ] GC(5) Pause Cleanup
[2024-02-11T21:36:27.783+0100][gc            ] GC(5) Pause Cleanup 144M->144M(1024M) 0,312ms
[2024-02-11T21:36:27.783+0100][gc,cpu        ] GC(5) User=0,00s Sys=0,00s Real=0,00s
[2024-02-11T21:36:27.783+0100][gc,marking    ] GC(5) Concurrent Cleanup for Next Mark
[2024-02-11T21:36:27.792+0100][gc,marking    ] GC(5) Concurrent Cleanup for Next Mark 8,528ms
[2024-02-11T21:36:27.792+0100][gc            ] GC(5) Concurrent Cycle 35,102ms
[2024-02-11T21:43:58.146+0100][gc,start      ] GC(6) Pause Young (Normal) (G1 Evacuation Pause)
[2024-02-11T21:43:58.146+0100][gc,task       ] GC(6) Using 8 workers of 8 for evacuation
[2024-02-11T21:43:58.156+0100][gc,phases     ] GC(6)   Pre Evacuate Collection Set: 0,0ms
[2024-02-11T21:43:58.156+0100][gc,phases     ] GC(6)   Evacuate Collection Set: 9,4ms
[2024-02-11T21:43:58.156+0100][gc,phases     ] GC(6)   Post Evacuate Collection Set: 0,8ms
[2024-02-11T21:43:58.156+0100][gc,phases     ] GC(6)   Other: 0,4ms
[2024-02-11T21:43:58.156+0100][gc,heap       ] GC(6) Eden regions: 45->0(46)
[2024-02-11T21:43:58.156+0100][gc,heap       ] GC(6) Survivor regions: 6->5(7)
[2024-02-11T21:43:58.156+0100][gc,heap       ] GC(6) Old regions: 10->13
[2024-02-11T21:43:58.156+0100][gc,heap       ] GC(6) Humongous regions: 135->129
[2024-02-11T21:43:58.156+0100][gc,metaspace  ] GC(6) Metaspace: 41040K(43472K)->41040K(43472K) NonClass: 35330K(36564K)->35330K(36564K) Class: 5710K(6908K)->5710K(6908K)
[2024-02-11T21:43:58.156+0100][gc            ] GC(6) Pause Young (Normal) (G1 Evacuation Pause) 193M->144M(1024M) 10,798ms
[2024-02-11T21:43:58.156+0100][gc,cpu        ] GC(6) User=0,08s Sys=0,00s Real=0,01s
[2024-02-11T21:48:51.881+0100][gc,heap,exit  ] Heap
[2024-02-11T21:48:51.881+0100][gc,heap,exit  ]  garbage-first heap   total 1048576K, used 179133K [0x00000000c0000000, 0x0000000100000000)
[2024-02-11T21:48:51.881+0100][gc,heap,exit  ]   region size 1024K, 36 young (36864K), 5 survivors (5120K)
[2024-02-11T21:48:51.881+0100][gc,heap,exit  ]  Metaspace       used 43874K, capacity 46758K, committed 46800K, reserved 1089536K
[2024-02-11T21:48:51.881+0100][gc,heap,exit  ]   class space    used 6262K, capacity 7668K, committed 7676K, reserved 1048576K
