[2024-02-12T11:01:57.455+0100][gc,heap] Heap region size: 1M
[2024-02-12T11:01:57.471+0100][gc     ] Using G1
[2024-02-12T11:01:57.471+0100][gc,heap,coops] Heap address: 0x00000000c0000000, size: 1024 MB, Compressed Oops mode: 32-bit
[2024-02-12T11:01:57.471+0100][gc,cds       ] Mark closed archive regions in map: [0x00000000fff00000, 0x00000000fff6bff8]
[2024-02-12T11:01:57.471+0100][gc,cds       ] Mark open archive regions in map: [0x00000000ffe00000, 0x00000000ffe47ff8]
[2024-02-12T11:01:58.484+0100][gc,start     ] GC(0) Pause Young (Normal) (G1 Evacuation Pause)
[2024-02-12T11:01:58.485+0100][gc,task      ] GC(0) Using 8 workers of 8 for evacuation
[2024-02-12T11:01:58.494+0100][gc,phases    ] GC(0)   Pre Evacuate Collection Set: 0,0ms
[2024-02-12T11:01:58.494+0100][gc,phases    ] GC(0)   Evacuate Collection Set: 8,7ms
[2024-02-12T11:01:58.494+0100][gc,phases    ] GC(0)   Post Evacuate Collection Set: 0,6ms
[2024-02-12T11:01:58.494+0100][gc,phases    ] GC(0)   Other: 1,1ms
[2024-02-12T11:01:58.494+0100][gc,heap      ] GC(0) Eden regions: 51->0(44)
[2024-02-12T11:01:58.494+0100][gc,heap      ] GC(0) Survivor regions: 0->7(7)
[2024-02-12T11:01:58.494+0100][gc,heap      ] GC(0) Old regions: 2->2
[2024-02-12T11:01:58.494+0100][gc,heap      ] GC(0) Humongous regions: 0->0
[2024-02-12T11:01:58.494+0100][gc,metaspace ] GC(0) Metaspace: 16001K(16768K)->16001K(16768K) NonClass: 13838K(14336K)->13838K(14336K) Class: 2162K(2432K)->2162K(2432K)
[2024-02-12T11:01:58.494+0100][gc           ] GC(0) Pause Young (Normal) (G1 Evacuation Pause) 51M->7M(1024M) 10,534ms
[2024-02-12T11:01:58.494+0100][gc,cpu       ] GC(0) User=0,06s Sys=0,01s Real=0,01s
[2024-02-12T11:01:58.736+0100][gc,start     ] GC(1) Pause Young (Concurrent Start) (Metadata GC Threshold)
[2024-02-12T11:01:58.736+0100][gc,task      ] GC(1) Using 8 workers of 8 for evacuation
[2024-02-12T11:01:58.747+0100][gc,phases    ] GC(1)   Pre Evacuate Collection Set: 0,1ms
[2024-02-12T11:01:58.747+0100][gc,phases    ] GC(1)   Evacuate Collection Set: 9,9ms
[2024-02-12T11:01:58.747+0100][gc,phases    ] GC(1)   Post Evacuate Collection Set: 0,5ms
[2024-02-12T11:01:58.747+0100][gc,phases    ] GC(1)   Other: 0,3ms
[2024-02-12T11:01:58.747+0100][gc,heap      ] GC(1) Eden regions: 18->0(49)
[2024-02-12T11:01:58.747+0100][gc,heap      ] GC(1) Survivor regions: 7->2(7)
[2024-02-12T11:01:58.747+0100][gc,heap      ] GC(1) Old regions: 2->9
[2024-02-12T11:01:58.747+0100][gc,heap      ] GC(1) Humongous regions: 0->0
[2024-02-12T11:01:58.747+0100][gc,metaspace ] GC(1) Metaspace: 20566K(21248K)->20566K(21248K) NonClass: 17770K(18176K)->17770K(18176K) Class: 2795K(3072K)->2795K(3072K)
[2024-02-12T11:01:58.747+0100][gc           ] GC(1) Pause Young (Concurrent Start) (Metadata GC Threshold) 24M->8M(1024M) 10,812ms
[2024-02-12T11:01:58.747+0100][gc,cpu       ] GC(1) User=0,05s Sys=0,00s Real=0,01s
[2024-02-12T11:01:58.747+0100][gc           ] GC(2) Concurrent Cycle
[2024-02-12T11:01:58.747+0100][gc,marking   ] GC(2) Concurrent Clear Claimed Marks
[2024-02-12T11:01:58.747+0100][gc,marking   ] GC(2) Concurrent Clear Claimed Marks 0,054ms
[2024-02-12T11:01:58.747+0100][gc,marking   ] GC(2) Concurrent Scan Root Regions
[2024-02-12T11:01:58.748+0100][gc,marking   ] GC(2) Concurrent Scan Root Regions 0,945ms
[2024-02-12T11:01:58.748+0100][gc,marking   ] GC(2) Concurrent Mark (1,296s)
[2024-02-12T11:01:58.748+0100][gc,marking   ] GC(2) Concurrent Mark From Roots
[2024-02-12T11:01:58.748+0100][gc,task      ] GC(2) Using 2 workers of 2 for marking
[2024-02-12T11:01:58.754+0100][gc,marking   ] GC(2) Concurrent Mark From Roots 5,755ms
[2024-02-12T11:01:58.754+0100][gc,marking   ] GC(2) Concurrent Preclean
[2024-02-12T11:01:58.754+0100][gc,marking   ] GC(2) Concurrent Preclean 0,159ms
[2024-02-12T11:01:58.754+0100][gc,marking   ] GC(2) Concurrent Mark (1,296s, 1,302s) 5,961ms
[2024-02-12T11:01:58.754+0100][gc,start     ] GC(2) Pause Remark
[2024-02-12T11:01:58.757+0100][gc,stringtable] GC(2) Cleaned string and symbol table, strings: 5448 processed, 0 removed, symbols: 50813 processed, 55 removed
[2024-02-12T11:01:58.757+0100][gc            ] GC(2) Pause Remark 9M->9M(1024M) 2,770ms
[2024-02-12T11:01:58.757+0100][gc,cpu        ] GC(2) User=0,01s Sys=0,00s Real=0,00s
[2024-02-12T11:01:58.757+0100][gc,marking    ] GC(2) Concurrent Rebuild Remembered Sets
[2024-02-12T11:01:58.760+0100][gc,marking    ] GC(2) Concurrent Rebuild Remembered Sets 3,197ms
[2024-02-12T11:01:58.761+0100][gc,start      ] GC(2) Pause Cleanup
[2024-02-12T11:01:58.761+0100][gc            ] GC(2) Pause Cleanup 9M->9M(1024M) 0,415ms
[2024-02-12T11:01:58.761+0100][gc,cpu        ] GC(2) User=0,00s Sys=0,00s Real=0,00s
[2024-02-12T11:01:58.761+0100][gc,marking    ] GC(2) Concurrent Cleanup for Next Mark
[2024-02-12T11:01:58.768+0100][gc,marking    ] GC(2) Concurrent Cleanup for Next Mark 6,628ms
[2024-02-12T11:01:58.768+0100][gc            ] GC(2) Concurrent Cycle 20,868ms
[2024-02-12T11:01:59.596+0100][gc,start      ] GC(3) Pause Young (Normal) (G1 Evacuation Pause)
[2024-02-12T11:01:59.597+0100][gc,task       ] GC(3) Using 8 workers of 8 for evacuation
[2024-02-12T11:01:59.600+0100][gc,phases     ] GC(3)   Pre Evacuate Collection Set: 0,0ms
[2024-02-12T11:01:59.600+0100][gc,phases     ] GC(3)   Evacuate Collection Set: 2,6ms
[2024-02-12T11:01:59.600+0100][gc,phases     ] GC(3)   Post Evacuate Collection Set: 0,3ms
[2024-02-12T11:01:59.600+0100][gc,phases     ] GC(3)   Other: 0,2ms
[2024-02-12T11:01:59.600+0100][gc,heap       ] GC(3) Eden regions: 49->0(47)
[2024-02-12T11:01:59.600+0100][gc,heap       ] GC(3) Survivor regions: 2->4(7)
[2024-02-12T11:01:59.600+0100][gc,heap       ] GC(3) Old regions: 9->9
[2024-02-12T11:01:59.600+0100][gc,heap       ] GC(3) Humongous regions: 129->129
[2024-02-12T11:01:59.600+0100][gc,metaspace  ] GC(3) Metaspace: 29063K(30460K)->29063K(30460K) NonClass: 25284K(26112K)->25284K(26112K) Class: 3779K(4348K)->3779K(4348K)
[2024-02-12T11:01:59.600+0100][gc            ] GC(3) Pause Young (Normal) (G1 Evacuation Pause) 186M->139M(1024M) 3,375ms
[2024-02-12T11:01:59.600+0100][gc,cpu        ] GC(3) User=0,02s Sys=0,00s Real=0,00s
[2024-02-12T11:01:59.991+0100][gc,start      ] GC(4) Pause Young (Concurrent Start) (Metadata GC Threshold)
[2024-02-12T11:01:59.991+0100][gc,task       ] GC(4) Using 8 workers of 8 for evacuation
[2024-02-12T11:02:00.000+0100][gc,phases     ] GC(4)   Pre Evacuate Collection Set: 0,1ms
[2024-02-12T11:02:00.000+0100][gc,phases     ] GC(4)   Evacuate Collection Set: 8,0ms
[2024-02-12T11:02:00.000+0100][gc,phases     ] GC(4)   Post Evacuate Collection Set: 0,5ms
[2024-02-12T11:02:00.000+0100][gc,phases     ] GC(4)   Other: 0,2ms
[2024-02-12T11:02:00.000+0100][gc,heap       ] GC(4) Eden regions: 31->0(44)
[2024-02-12T11:02:00.000+0100][gc,heap       ] GC(4) Survivor regions: 4->7(7)
[2024-02-12T11:02:00.000+0100][gc,heap       ] GC(4) Old regions: 9->9
[2024-02-12T11:02:00.000+0100][gc,heap       ] GC(4) Humongous regions: 129->129
[2024-02-12T11:02:00.000+0100][gc,metaspace  ] GC(4) Metaspace: 34699K(36048K)->34699K(36048K) NonClass: 30224K(30932K)->30224K(30932K) Class: 4475K(5116K)->4475K(5116K)
[2024-02-12T11:02:00.000+0100][gc            ] GC(4) Pause Young (Concurrent Start) (Metadata GC Threshold) 170M->142M(1024M) 8,936ms
[2024-02-12T11:02:00.000+0100][gc,cpu        ] GC(4) User=0,04s Sys=0,00s Real=0,00s
[2024-02-12T11:02:00.000+0100][gc            ] GC(5) Concurrent Cycle
[2024-02-12T11:02:00.000+0100][gc,marking    ] GC(5) Concurrent Clear Claimed Marks
[2024-02-12T11:02:00.000+0100][gc,marking    ] GC(5) Concurrent Clear Claimed Marks 0,132ms
[2024-02-12T11:02:00.000+0100][gc,marking    ] GC(5) Concurrent Scan Root Regions
[2024-02-12T11:02:00.004+0100][gc,marking    ] GC(5) Concurrent Scan Root Regions 3,935ms
[2024-02-12T11:02:00.004+0100][gc,marking    ] GC(5) Concurrent Mark (2,552s)
[2024-02-12T11:02:00.004+0100][gc,marking    ] GC(5) Concurrent Mark From Roots
[2024-02-12T11:02:00.004+0100][gc,task       ] GC(5) Using 2 workers of 2 for marking
[2024-02-12T11:02:00.015+0100][gc,marking    ] GC(5) Concurrent Mark From Roots 10,889ms
[2024-02-12T11:02:00.015+0100][gc,marking    ] GC(5) Concurrent Preclean
[2024-02-12T11:02:00.015+0100][gc,marking    ] GC(5) Concurrent Preclean 0,263ms
[2024-02-12T11:02:00.015+0100][gc,marking    ] GC(5) Concurrent Mark (2,552s, 2,564s) 11,241ms
[2024-02-12T11:02:00.015+0100][gc,start      ] GC(5) Pause Remark
[2024-02-12T11:02:00.019+0100][gc,stringtable] GC(5) Cleaned string and symbol table, strings: 11724 processed, 13 removed, symbols: 81560 processed, 17 removed
[2024-02-12T11:02:00.019+0100][gc            ] GC(5) Pause Remark 143M->143M(1024M) 3,716ms
[2024-02-12T11:02:00.019+0100][gc,cpu        ] GC(5) User=0,02s Sys=0,00s Real=0,00s
[2024-02-12T11:02:00.019+0100][gc,marking    ] GC(5) Concurrent Rebuild Remembered Sets
[2024-02-12T11:02:00.025+0100][gc,marking    ] GC(5) Concurrent Rebuild Remembered Sets 5,412ms
[2024-02-12T11:02:00.025+0100][gc,start      ] GC(5) Pause Cleanup
[2024-02-12T11:02:00.026+0100][gc            ] GC(5) Pause Cleanup 143M->143M(1024M) 0,345ms
[2024-02-12T11:02:00.026+0100][gc,cpu        ] GC(5) User=0,00s Sys=0,00s Real=0,00s
[2024-02-12T11:02:00.026+0100][gc,marking    ] GC(5) Concurrent Cleanup for Next Mark
[2024-02-12T11:02:00.035+0100][gc,marking    ] GC(5) Concurrent Cleanup for Next Mark 9,669ms
[2024-02-12T11:02:00.035+0100][gc            ] GC(5) Concurrent Cycle 35,497ms
[2024-02-12T11:03:28.889+0100][gc,start      ] GC(6) Pause Young (Normal) (G1 Evacuation Pause)
[2024-02-12T11:03:28.889+0100][gc,task       ] GC(6) Using 8 workers of 8 for evacuation
[2024-02-12T11:03:28.898+0100][gc,phases     ] GC(6)   Pre Evacuate Collection Set: 0,0ms
[2024-02-12T11:03:28.898+0100][gc,phases     ] GC(6)   Evacuate Collection Set: 7,4ms
[2024-02-12T11:03:28.898+0100][gc,phases     ] GC(6)   Post Evacuate Collection Set: 1,1ms
[2024-02-12T11:03:28.898+0100][gc,phases     ] GC(6)   Other: 0,3ms
[2024-02-12T11:03:28.898+0100][gc,heap       ] GC(6) Eden regions: 44->0(45)
[2024-02-12T11:03:28.898+0100][gc,heap       ] GC(6) Survivor regions: 7->6(7)
[2024-02-12T11:03:28.898+0100][gc,heap       ] GC(6) Old regions: 9->12
[2024-02-12T11:03:28.898+0100][gc,heap       ] GC(6) Humongous regions: 171->129
[2024-02-12T11:03:28.898+0100][gc,metaspace  ] GC(6) Metaspace: 42036K(44752K)->42036K(44752K) NonClass: 36215K(37588K)->36215K(37588K) Class: 5821K(7164K)->5821K(7164K)
[2024-02-12T11:03:28.898+0100][gc            ] GC(6) Pause Young (Normal) (G1 Evacuation Pause) 228M->145M(1024M) 8,956ms
[2024-02-12T11:03:28.898+0100][gc,cpu        ] GC(6) User=0,05s Sys=0,00s Real=0,00s
[2024-02-12T11:15:11.198+0100][gc,start      ] GC(7) Pause Young (Normal) (G1 Evacuation Pause)
[2024-02-12T11:15:11.198+0100][gc,task       ] GC(7) Using 8 workers of 8 for evacuation
[2024-02-12T11:15:11.215+0100][gc,phases     ] GC(7)   Pre Evacuate Collection Set: 0,1ms
[2024-02-12T11:15:11.215+0100][gc,phases     ] GC(7)   Evacuate Collection Set: 14,6ms
[2024-02-12T11:15:11.215+0100][gc,phases     ] GC(7)   Post Evacuate Collection Set: 1,6ms
[2024-02-12T11:15:11.215+0100][gc,phases     ] GC(7)   Other: 0,6ms
[2024-02-12T11:15:11.215+0100][gc,heap       ] GC(7) Eden regions: 45->0(46)
[2024-02-12T11:15:11.215+0100][gc,heap       ] GC(7) Survivor regions: 6->5(7)
[2024-02-12T11:15:11.215+0100][gc,heap       ] GC(7) Old regions: 12->15
[2024-02-12T11:15:11.215+0100][gc,heap       ] GC(7) Humongous regions: 129->129
[2024-02-12T11:15:11.215+0100][gc,metaspace  ] GC(7) Metaspace: 43074K(45776K)->43074K(45776K) NonClass: 37207K(38612K)->37207K(38612K) Class: 5866K(7164K)->5866K(7164K)
[2024-02-12T11:15:11.215+0100][gc            ] GC(7) Pause Young (Normal) (G1 Evacuation Pause) 190M->147M(1024M) 17,180ms
[2024-02-12T11:15:11.216+0100][gc,cpu        ] GC(7) User=0,12s Sys=0,00s Real=0,02s
[2024-02-12T11:24:45.521+0100][gc,start      ] GC(8) Pause Young (Normal) (G1 Evacuation Pause)
[2024-02-12T11:24:45.521+0100][gc,task       ] GC(8) Using 8 workers of 8 for evacuation
[2024-02-12T11:24:45.534+0100][gc,phases     ] GC(8)   Pre Evacuate Collection Set: 0,1ms
[2024-02-12T11:24:45.534+0100][gc,phases     ] GC(8)   Evacuate Collection Set: 10,0ms
[2024-02-12T11:24:45.534+0100][gc,phases     ] GC(8)   Post Evacuate Collection Set: 1,8ms
[2024-02-12T11:24:45.534+0100][gc,phases     ] GC(8)   Other: 0,5ms
[2024-02-12T11:24:45.534+0100][gc,heap       ] GC(8) Eden regions: 46->0(48)
[2024-02-12T11:24:45.534+0100][gc,heap       ] GC(8) Survivor regions: 5->3(7)
[2024-02-12T11:24:45.534+0100][gc,heap       ] GC(8) Old regions: 15->18
[2024-02-12T11:24:45.534+0100][gc,heap       ] GC(8) Humongous regions: 129->129
[2024-02-12T11:24:45.534+0100][gc,metaspace  ] GC(8) Metaspace: 44296K(47312K)->44296K(47312K) NonClass: 38151K(39636K)->38151K(39636K) Class: 6144K(7676K)->6144K(7676K)
[2024-02-12T11:24:45.534+0100][gc            ] GC(8) Pause Young (Normal) (G1 Evacuation Pause) 193M->147M(1024M) 12,870ms
[2024-02-12T11:24:45.534+0100][gc,cpu        ] GC(8) User=0,08s Sys=0,00s Real=0,01s
[2024-02-12T11:33:59.753+0100][gc,start      ] GC(9) Pause Young (Normal) (G1 Evacuation Pause)
[2024-02-12T11:33:59.753+0100][gc,task       ] GC(9) Using 8 workers of 8 for evacuation
[2024-02-12T11:33:59.757+0100][gc,phases     ] GC(9)   Pre Evacuate Collection Set: 0,0ms
[2024-02-12T11:33:59.757+0100][gc,phases     ] GC(9)   Evacuate Collection Set: 2,4ms
[2024-02-12T11:33:59.757+0100][gc,phases     ] GC(9)   Post Evacuate Collection Set: 1,1ms
[2024-02-12T11:33:59.757+0100][gc,phases     ] GC(9)   Other: 0,2ms
[2024-02-12T11:33:59.757+0100][gc,heap       ] GC(9) Eden regions: 48->0(48)
[2024-02-12T11:33:59.757+0100][gc,heap       ] GC(9) Survivor regions: 3->3(7)
[2024-02-12T11:33:59.757+0100][gc,heap       ] GC(9) Old regions: 18->18
[2024-02-12T11:33:59.757+0100][gc,heap       ] GC(9) Humongous regions: 129->129
[2024-02-12T11:33:59.757+0100][gc,metaspace  ] GC(9) Metaspace: 44422K(47568K)->44422K(47568K) NonClass: 38276K(39892K)->38276K(39892K) Class: 6145K(7676K)->6145K(7676K)
[2024-02-12T11:33:59.757+0100][gc            ] GC(9) Pause Young (Normal) (G1 Evacuation Pause) 195M->147M(1024M) 3,831ms
[2024-02-12T11:33:59.757+0100][gc,cpu        ] GC(9) User=0,02s Sys=0,00s Real=0,00s
[2024-02-12T11:43:40.422+0100][gc,start      ] GC(10) Pause Young (Normal) (G1 Evacuation Pause)
[2024-02-12T11:43:40.422+0100][gc,task       ] GC(10) Using 8 workers of 8 for evacuation
[2024-02-12T11:43:40.429+0100][gc,phases     ] GC(10)   Pre Evacuate Collection Set: 0,1ms
[2024-02-12T11:43:40.429+0100][gc,phases     ] GC(10)   Evacuate Collection Set: 5,2ms
[2024-02-12T11:43:40.429+0100][gc,phases     ] GC(10)   Post Evacuate Collection Set: 0,6ms
[2024-02-12T11:43:40.429+0100][gc,phases     ] GC(10)   Other: 0,5ms
[2024-02-12T11:43:40.429+0100][gc,heap       ] GC(10) Eden regions: 48->0(47)
[2024-02-12T11:43:40.429+0100][gc,heap       ] GC(10) Survivor regions: 3->4(7)
[2024-02-12T11:43:40.429+0100][gc,heap       ] GC(10) Old regions: 18->18
[2024-02-12T11:43:40.429+0100][gc,heap       ] GC(10) Humongous regions: 129->129
[2024-02-12T11:43:40.429+0100][gc,metaspace  ] GC(10) Metaspace: 44454K(47568K)->44454K(47568K) NonClass: 38308K(39892K)->38308K(39892K) Class: 6145K(7676K)->6145K(7676K)
[2024-02-12T11:43:40.429+0100][gc            ] GC(10) Pause Young (Normal) (G1 Evacuation Pause) 195M->148M(1024M) 6,549ms
[2024-02-12T11:43:40.429+0100][gc,cpu        ] GC(10) User=0,03s Sys=0,01s Real=0,01s
[2024-02-12T11:53:22.395+0100][gc,start      ] GC(11) Pause Young (Normal) (G1 Evacuation Pause)
[2024-02-12T11:53:22.395+0100][gc,task       ] GC(11) Using 8 workers of 8 for evacuation
[2024-02-12T11:53:22.402+0100][gc,phases     ] GC(11)   Pre Evacuate Collection Set: 0,1ms
[2024-02-12T11:53:22.402+0100][gc,phases     ] GC(11)   Evacuate Collection Set: 5,8ms
[2024-02-12T11:53:22.402+0100][gc,phases     ] GC(11)   Post Evacuate Collection Set: 1,6ms
[2024-02-12T11:53:22.402+0100][gc,phases     ] GC(11)   Other: 0,4ms
[2024-02-12T11:53:22.402+0100][gc,heap       ] GC(11) Eden regions: 47->0(53)
[2024-02-12T11:53:22.402+0100][gc,heap       ] GC(11) Survivor regions: 4->4(7)
[2024-02-12T11:53:22.402+0100][gc,heap       ] GC(11) Old regions: 18->18
[2024-02-12T11:53:22.402+0100][gc,heap       ] GC(11) Humongous regions: 129->129
[2024-02-12T11:53:22.402+0100][gc,metaspace  ] GC(11) Metaspace: 44696K(47824K)->44696K(47824K) NonClass: 38550K(40148K)->38550K(40148K) Class: 6145K(7676K)->6145K(7676K)
[2024-02-12T11:53:22.402+0100][gc            ] GC(11) Pause Young (Normal) (G1 Evacuation Pause) 195M->148M(1024M) 7,845ms
[2024-02-12T11:53:22.402+0100][gc,cpu        ] GC(11) User=0,05s Sys=0,00s Real=0,01s
[2024-02-12T13:50:15.488+0100][gc,start      ] GC(12) Pause Young (Normal) (G1 Evacuation Pause)
[2024-02-12T13:50:15.488+0100][gc,task       ] GC(12) Using 8 workers of 8 for evacuation
[2024-02-12T13:50:15.498+0100][gc,phases     ] GC(12)   Pre Evacuate Collection Set: 0,1ms
[2024-02-12T13:50:15.498+0100][gc,phases     ] GC(12)   Evacuate Collection Set: 7,7ms
[2024-02-12T13:50:15.498+0100][gc,phases     ] GC(12)   Post Evacuate Collection Set: 1,4ms
[2024-02-12T13:50:15.498+0100][gc,phases     ] GC(12)   Other: 0,5ms
[2024-02-12T13:50:15.498+0100][gc,heap       ] GC(12) Eden regions: 53->0(62)
[2024-02-12T13:50:15.498+0100][gc,heap       ] GC(12) Survivor regions: 4->5(8)
[2024-02-12T13:50:15.498+0100][gc,heap       ] GC(12) Old regions: 18->18
[2024-02-12T13:50:15.498+0100][gc,heap       ] GC(12) Humongous regions: 129->129
[2024-02-12T13:50:15.498+0100][gc,metaspace  ] GC(12) Metaspace: 44791K(48080K)->44791K(48080K) NonClass: 38632K(40404K)->38632K(40404K) Class: 6159K(7676K)->6159K(7676K)
[2024-02-12T13:50:15.498+0100][gc            ] GC(12) Pause Young (Normal) (G1 Evacuation Pause) 201M->149M(1024M) 9,689ms
[2024-02-12T13:50:15.498+0100][gc,cpu        ] GC(12) User=0,07s Sys=0,00s Real=0,01s
[2024-02-12T14:09:10.816+0100][gc,start      ] GC(13) Pause Young (Normal) (G1 Evacuation Pause)
[2024-02-12T14:09:10.816+0100][gc,task       ] GC(13) Using 8 workers of 8 for evacuation
[2024-02-12T14:09:10.826+0100][gc,phases     ] GC(13)   Pre Evacuate Collection Set: 0,1ms
[2024-02-12T14:09:10.826+0100][gc,phases     ] GC(13)   Evacuate Collection Set: 8,5ms
[2024-02-12T14:09:10.826+0100][gc,phases     ] GC(13)   Post Evacuate Collection Set: 0,9ms
[2024-02-12T14:09:10.826+0100][gc,phases     ] GC(13)   Other: 0,5ms
[2024-02-12T14:09:10.826+0100][gc,heap       ] GC(13) Eden regions: 62->0(83)
[2024-02-12T14:09:10.826+0100][gc,heap       ] GC(13) Survivor regions: 5->5(9)
[2024-02-12T14:09:10.826+0100][gc,heap       ] GC(13) Old regions: 18->18
[2024-02-12T14:09:10.826+0100][gc,heap       ] GC(13) Humongous regions: 129->129
[2024-02-12T14:09:10.826+0100][gc,metaspace  ] GC(13) Metaspace: 44909K(48080K)->44909K(48080K) NonClass: 38743K(40404K)->38743K(40404K) Class: 6166K(7676K)->6166K(7676K)
[2024-02-12T14:09:10.826+0100][gc            ] GC(13) Pause Young (Normal) (G1 Evacuation Pause) 211M->149M(1024M) 9,989ms
[2024-02-12T14:09:10.826+0100][gc,cpu        ] GC(13) User=0,07s Sys=0,00s Real=0,02s
[2024-02-12T15:06:43.738+0100][gc,start      ] GC(14) Pause Young (Normal) (G1 Evacuation Pause)
[2024-02-12T15:06:43.738+0100][gc,task       ] GC(14) Using 8 workers of 8 for evacuation
[2024-02-12T15:06:43.755+0100][gc,phases     ] GC(14)   Pre Evacuate Collection Set: 0,0ms
[2024-02-12T15:06:43.755+0100][gc,phases     ] GC(14)   Evacuate Collection Set: 13,1ms
[2024-02-12T15:06:43.755+0100][gc,phases     ] GC(14)   Post Evacuate Collection Set: 3,3ms
[2024-02-12T15:06:43.755+0100][gc,phases     ] GC(14)   Other: 0,6ms
[2024-02-12T15:06:43.755+0100][gc,heap       ] GC(14) Eden regions: 83->0(83)
[2024-02-12T15:06:43.755+0100][gc,heap       ] GC(14) Survivor regions: 5->5(11)
[2024-02-12T15:06:43.755+0100][gc,heap       ] GC(14) Old regions: 18->18
[2024-02-12T15:06:43.755+0100][gc,heap       ] GC(14) Humongous regions: 129->129
[2024-02-12T15:06:43.755+0100][gc,metaspace  ] GC(14) Metaspace: 45161K(48336K)->45161K(48336K) NonClass: 38994K(40660K)->38994K(40660K) Class: 6166K(7676K)->6166K(7676K)
[2024-02-12T15:06:43.756+0100][gc            ] GC(14) Pause Young (Normal) (G1 Evacuation Pause) 232M->149M(1024M) 17,311ms
[2024-02-12T15:06:43.756+0100][gc,cpu        ] GC(14) User=0,11s Sys=0,02s Real=0,02s
[2024-02-12T15:57:25.319+0100][gc,start      ] GC(15) Pause Young (Normal) (G1 Evacuation Pause)
[2024-02-12T15:57:25.319+0100][gc,task       ] GC(15) Using 8 workers of 8 for evacuation
[2024-02-12T15:57:25.329+0100][gc,phases     ] GC(15)   Pre Evacuate Collection Set: 0,1ms
[2024-02-12T15:57:25.329+0100][gc,phases     ] GC(15)   Evacuate Collection Set: 7,9ms
[2024-02-12T15:57:25.329+0100][gc,phases     ] GC(15)   Post Evacuate Collection Set: 1,4ms
[2024-02-12T15:57:25.329+0100][gc,phases     ] GC(15)   Other: 0,5ms
[2024-02-12T15:57:25.329+0100][gc,heap       ] GC(15) Eden regions: 83->0(86)
[2024-02-12T15:57:25.329+0100][gc,heap       ] GC(15) Survivor regions: 5->6(11)
[2024-02-12T15:57:25.329+0100][gc,heap       ] GC(15) Old regions: 18->18
[2024-02-12T15:57:25.329+0100][gc,heap       ] GC(15) Humongous regions: 129->129
[2024-02-12T15:57:25.329+0100][gc,metaspace  ] GC(15) Metaspace: 45177K(48336K)->45177K(48336K) NonClass: 39010K(40660K)->39010K(40660K) Class: 6166K(7676K)->6166K(7676K)
[2024-02-12T15:57:25.329+0100][gc            ] GC(15) Pause Young (Normal) (G1 Evacuation Pause) 232M->150M(1024M) 9,917ms
[2024-02-12T15:57:25.329+0100][gc,cpu        ] GC(15) User=0,06s Sys=0,00s Real=0,01s
[2024-02-12T17:55:29.053+0100][gc,start      ] GC(16) Pause Young (Normal) (G1 Evacuation Pause)
[2024-02-12T17:55:29.054+0100][gc,task       ] GC(16) Using 8 workers of 8 for evacuation
[2024-02-12T17:55:29.063+0100][gc,phases     ] GC(16)   Pre Evacuate Collection Set: 0,0ms
[2024-02-12T17:55:29.063+0100][gc,phases     ] GC(16)   Evacuate Collection Set: 7,6ms
[2024-02-12T17:55:29.063+0100][gc,phases     ] GC(16)   Post Evacuate Collection Set: 1,6ms
[2024-02-12T17:55:29.063+0100][gc,phases     ] GC(16)   Other: 0,5ms
[2024-02-12T17:55:29.063+0100][gc,heap       ] GC(16) Eden regions: 86->0(434)
[2024-02-12T17:55:29.063+0100][gc,heap       ] GC(16) Survivor regions: 6->5(12)
[2024-02-12T17:55:29.063+0100][gc,heap       ] GC(16) Old regions: 18->18
[2024-02-12T17:55:29.063+0100][gc,heap       ] GC(16) Humongous regions: 129->129
[2024-02-12T17:55:29.063+0100][gc,metaspace  ] GC(16) Metaspace: 45195K(48336K)->45195K(48336K) NonClass: 39028K(40660K)->39028K(40660K) Class: 6166K(7676K)->6166K(7676K)
[2024-02-12T17:55:29.063+0100][gc            ] GC(16) Pause Young (Normal) (G1 Evacuation Pause) 236M->149M(1024M) 9,773ms
[2024-02-12T17:55:29.063+0100][gc,cpu        ] GC(16) User=0,06s Sys=0,01s Real=0,01s
