[2024-02-12T09:40:45.298+0100][gc,heap] Heap region size: 1M
[2024-02-12T09:40:45.333+0100][gc     ] Using G1
[2024-02-12T09:40:45.333+0100][gc,heap,coops] Heap address: 0x00000000c0000000, size: 1024 MB, Compressed Oops mode: 32-bit
[2024-02-12T09:40:45.334+0100][gc,cds       ] Mark closed archive regions in map: [0x00000000fff00000, 0x00000000fff6bff8]
[2024-02-12T09:40:45.334+0100][gc,cds       ] Mark open archive regions in map: [0x00000000ffe00000, 0x00000000ffe47ff8]
[2024-02-12T09:40:46.319+0100][gc,start     ] GC(0) Pause Young (Normal) (G1 Evacuation Pause)
[2024-02-12T09:40:46.320+0100][gc,task      ] GC(0) Using 8 workers of 8 for evacuation
[2024-02-12T09:40:46.328+0100][gc,phases    ] GC(0)   Pre Evacuate Collection Set: 0,0ms
[2024-02-12T09:40:46.328+0100][gc,phases    ] GC(0)   Evacuate Collection Set: 8,0ms
[2024-02-12T09:40:46.328+0100][gc,phases    ] GC(0)   Post Evacuate Collection Set: 0,4ms
[2024-02-12T09:40:46.329+0100][gc,phases    ] GC(0)   Other: 1,2ms
[2024-02-12T09:40:46.329+0100][gc,heap      ] GC(0) Eden regions: 51->0(44)
[2024-02-12T09:40:46.329+0100][gc,heap      ] GC(0) Survivor regions: 0->7(7)
[2024-02-12T09:40:46.329+0100][gc,heap      ] GC(0) Old regions: 2->2
[2024-02-12T09:40:46.329+0100][gc,heap      ] GC(0) Humongous regions: 0->0
[2024-02-12T09:40:46.329+0100][gc,metaspace ] GC(0) Metaspace: 15638K(16512K)->15638K(16512K) NonClass: 13507K(14080K)->13507K(14080K) Class: 2130K(2432K)->2130K(2432K)
[2024-02-12T09:40:46.329+0100][gc           ] GC(0) Pause Young (Normal) (G1 Evacuation Pause) 51M->7M(1024M) 9,707ms
[2024-02-12T09:40:46.329+0100][gc,cpu       ] GC(0) User=0,06s Sys=0,00s Real=0,01s
[2024-02-12T09:40:46.591+0100][gc,start     ] GC(1) Pause Young (Concurrent Start) (Metadata GC Threshold)
[2024-02-12T09:40:46.591+0100][gc,task      ] GC(1) Using 8 workers of 8 for evacuation
[2024-02-12T09:40:46.604+0100][gc,phases    ] GC(1)   Pre Evacuate Collection Set: 0,1ms
[2024-02-12T09:40:46.604+0100][gc,phases    ] GC(1)   Evacuate Collection Set: 12,2ms
[2024-02-12T09:40:46.604+0100][gc,phases    ] GC(1)   Post Evacuate Collection Set: 0,4ms
[2024-02-12T09:40:46.604+0100][gc,phases    ] GC(1)   Other: 0,3ms
[2024-02-12T09:40:46.604+0100][gc,heap      ] GC(1) Eden regions: 19->0(50)
[2024-02-12T09:40:46.604+0100][gc,heap      ] GC(1) Survivor regions: 7->1(7)
[2024-02-12T09:40:46.604+0100][gc,heap      ] GC(1) Old regions: 2->9
[2024-02-12T09:40:46.604+0100][gc,heap      ] GC(1) Humongous regions: 0->0
[2024-02-12T09:40:46.604+0100][gc,metaspace ] GC(1) Metaspace: 20546K(21248K)->20546K(21248K) NonClass: 17750K(18176K)->17750K(18176K) Class: 2795K(3072K)->2795K(3072K)
[2024-02-12T09:40:46.604+0100][gc           ] GC(1) Pause Young (Concurrent Start) (Metadata GC Threshold) 26M->8M(1024M) 13,055ms
[2024-02-12T09:40:46.604+0100][gc,cpu       ] GC(1) User=0,04s Sys=0,01s Real=0,01s
[2024-02-12T09:40:46.604+0100][gc           ] GC(2) Concurrent Cycle
[2024-02-12T09:40:46.604+0100][gc,marking   ] GC(2) Concurrent Clear Claimed Marks
[2024-02-12T09:40:46.604+0100][gc,marking   ] GC(2) Concurrent Clear Claimed Marks 0,030ms
[2024-02-12T09:40:46.604+0100][gc,marking   ] GC(2) Concurrent Scan Root Regions
[2024-02-12T09:40:46.605+0100][gc,marking   ] GC(2) Concurrent Scan Root Regions 1,176ms
[2024-02-12T09:40:46.605+0100][gc,marking   ] GC(2) Concurrent Mark (1,318s)
[2024-02-12T09:40:46.605+0100][gc,marking   ] GC(2) Concurrent Mark From Roots
[2024-02-12T09:40:46.605+0100][gc,task      ] GC(2) Using 2 workers of 2 for marking
[2024-02-12T09:40:46.612+0100][gc,marking   ] GC(2) Concurrent Mark From Roots 6,920ms
[2024-02-12T09:40:46.612+0100][gc,marking   ] GC(2) Concurrent Preclean
[2024-02-12T09:40:46.612+0100][gc,marking   ] GC(2) Concurrent Preclean 0,290ms
[2024-02-12T09:40:46.613+0100][gc,marking   ] GC(2) Concurrent Mark (1,318s, 1,326s) 7,280ms
[2024-02-12T09:40:46.613+0100][gc,start     ] GC(2) Pause Remark
[2024-02-12T09:40:46.615+0100][gc,stringtable] GC(2) Cleaned string and symbol table, strings: 5454 processed, 0 removed, symbols: 50887 processed, 55 removed
[2024-02-12T09:40:46.616+0100][gc            ] GC(2) Pause Remark 8M->8M(1024M) 3,094ms
[2024-02-12T09:40:46.616+0100][gc,cpu        ] GC(2) User=0,01s Sys=0,00s Real=0,00s
[2024-02-12T09:40:46.616+0100][gc,marking    ] GC(2) Concurrent Rebuild Remembered Sets
[2024-02-12T09:40:46.619+0100][gc,marking    ] GC(2) Concurrent Rebuild Remembered Sets 3,122ms
[2024-02-12T09:40:46.619+0100][gc,start      ] GC(2) Pause Cleanup
[2024-02-12T09:40:46.619+0100][gc            ] GC(2) Pause Cleanup 9M->9M(1024M) 0,367ms
[2024-02-12T09:40:46.619+0100][gc,cpu        ] GC(2) User=0,00s Sys=0,00s Real=0,00s
[2024-02-12T09:40:46.619+0100][gc,marking    ] GC(2) Concurrent Cleanup for Next Mark
[2024-02-12T09:40:46.625+0100][gc,marking    ] GC(2) Concurrent Cleanup for Next Mark 5,822ms
[2024-02-12T09:40:46.625+0100][gc            ] GC(2) Concurrent Cycle 21,417ms
[2024-02-12T09:40:47.537+0100][gc,start      ] GC(3) Pause Young (Normal) (G1 Evacuation Pause)
[2024-02-12T09:40:47.537+0100][gc,task       ] GC(3) Using 8 workers of 8 for evacuation
[2024-02-12T09:40:47.540+0100][gc,phases     ] GC(3)   Pre Evacuate Collection Set: 0,0ms
[2024-02-12T09:40:47.541+0100][gc,phases     ] GC(3)   Evacuate Collection Set: 2,6ms
[2024-02-12T09:40:47.541+0100][gc,phases     ] GC(3)   Post Evacuate Collection Set: 0,4ms
[2024-02-12T09:40:47.541+0100][gc,phases     ] GC(3)   Other: 0,2ms
[2024-02-12T09:40:47.541+0100][gc,heap       ] GC(3) Eden regions: 50->0(47)
[2024-02-12T09:40:47.541+0100][gc,heap       ] GC(3) Survivor regions: 1->4(7)
[2024-02-12T09:40:47.541+0100][gc,heap       ] GC(3) Old regions: 9->9
[2024-02-12T09:40:47.541+0100][gc,heap       ] GC(3) Humongous regions: 129->129
[2024-02-12T09:40:47.541+0100][gc,metaspace  ] GC(3) Metaspace: 29043K(30460K)->29043K(30460K) NonClass: 25264K(26112K)->25264K(26112K) Class: 3779K(4348K)->3779K(4348K)
[2024-02-12T09:40:47.541+0100][gc            ] GC(3) Pause Young (Normal) (G1 Evacuation Pause) 187M->139M(1024M) 3,309ms
[2024-02-12T09:40:47.541+0100][gc,cpu        ] GC(3) User=0,02s Sys=0,00s Real=0,00s
[2024-02-12T09:40:47.876+0100][gc,start      ] GC(4) Pause Young (Concurrent Start) (Metadata GC Threshold)
[2024-02-12T09:40:47.876+0100][gc,task       ] GC(4) Using 8 workers of 8 for evacuation
[2024-02-12T09:40:47.882+0100][gc,phases     ] GC(4)   Pre Evacuate Collection Set: 0,2ms
[2024-02-12T09:40:47.882+0100][gc,phases     ] GC(4)   Evacuate Collection Set: 5,6ms
[2024-02-12T09:40:47.882+0100][gc,phases     ] GC(4)   Post Evacuate Collection Set: 0,5ms
[2024-02-12T09:40:47.882+0100][gc,phases     ] GC(4)   Other: 0,3ms
[2024-02-12T09:40:47.882+0100][gc,heap       ] GC(4) Eden regions: 30->0(44)
[2024-02-12T09:40:47.882+0100][gc,heap       ] GC(4) Survivor regions: 4->7(7)
[2024-02-12T09:40:47.882+0100][gc,heap       ] GC(4) Old regions: 9->10
[2024-02-12T09:40:47.882+0100][gc,heap       ] GC(4) Humongous regions: 129->129
[2024-02-12T09:40:47.882+0100][gc,metaspace  ] GC(4) Metaspace: 34685K(36048K)->34685K(36048K) NonClass: 30199K(30932K)->30199K(30932K) Class: 4486K(5116K)->4486K(5116K)
[2024-02-12T09:40:47.882+0100][gc            ] GC(4) Pause Young (Concurrent Start) (Metadata GC Threshold) 169M->143M(1024M) 6,602ms
[2024-02-12T09:40:47.882+0100][gc,cpu        ] GC(4) User=0,05s Sys=0,00s Real=0,01s
[2024-02-12T09:40:47.882+0100][gc            ] GC(5) Concurrent Cycle
[2024-02-12T09:40:47.882+0100][gc,marking    ] GC(5) Concurrent Clear Claimed Marks
[2024-02-12T09:40:47.882+0100][gc,marking    ] GC(5) Concurrent Clear Claimed Marks 0,055ms
[2024-02-12T09:40:47.882+0100][gc,marking    ] GC(5) Concurrent Scan Root Regions
[2024-02-12T09:40:47.886+0100][gc,marking    ] GC(5) Concurrent Scan Root Regions 3,650ms
[2024-02-12T09:40:47.886+0100][gc,marking    ] GC(5) Concurrent Mark (2,599s)
[2024-02-12T09:40:47.886+0100][gc,marking    ] GC(5) Concurrent Mark From Roots
[2024-02-12T09:40:47.886+0100][gc,task       ] GC(5) Using 2 workers of 2 for marking
[2024-02-12T09:40:47.898+0100][gc,marking    ] GC(5) Concurrent Mark From Roots 11,937ms
[2024-02-12T09:40:47.898+0100][gc,marking    ] GC(5) Concurrent Preclean
[2024-02-12T09:40:47.898+0100][gc,marking    ] GC(5) Concurrent Preclean 0,256ms
[2024-02-12T09:40:47.898+0100][gc,marking    ] GC(5) Concurrent Mark (2,599s, 2,611s) 12,264ms
[2024-02-12T09:40:47.899+0100][gc,start      ] GC(5) Pause Remark
[2024-02-12T09:40:47.902+0100][gc,stringtable] GC(5) Cleaned string and symbol table, strings: 11680 processed, 11 removed, symbols: 81684 processed, 17 removed
[2024-02-12T09:40:47.903+0100][gc            ] GC(5) Pause Remark 144M->144M(1024M) 3,688ms
[2024-02-12T09:40:47.903+0100][gc,cpu        ] GC(5) User=0,02s Sys=0,00s Real=0,00s
[2024-02-12T09:40:47.903+0100][gc,marking    ] GC(5) Concurrent Rebuild Remembered Sets
[2024-02-12T09:40:47.908+0100][gc,marking    ] GC(5) Concurrent Rebuild Remembered Sets 5,028ms
[2024-02-12T09:40:47.909+0100][gc,start      ] GC(5) Pause Cleanup
[2024-02-12T09:40:47.909+0100][gc            ] GC(5) Pause Cleanup 144M->144M(1024M) 0,490ms
[2024-02-12T09:40:47.909+0100][gc,cpu        ] GC(5) User=0,01s Sys=0,00s Real=0,00s
[2024-02-12T09:40:47.909+0100][gc,marking    ] GC(5) Concurrent Cleanup for Next Mark
[2024-02-12T09:40:47.920+0100][gc,marking    ] GC(5) Concurrent Cleanup for Next Mark 10,405ms
[2024-02-12T09:40:47.920+0100][gc            ] GC(5) Concurrent Cycle 38,030ms
[2024-02-12T09:47:43.248+0100][gc,start      ] GC(6) Pause Young (Normal) (G1 Evacuation Pause)
[2024-02-12T09:47:43.248+0100][gc,task       ] GC(6) Using 8 workers of 8 for evacuation
[2024-02-12T09:47:43.258+0100][gc,phases     ] GC(6)   Pre Evacuate Collection Set: 0,1ms
[2024-02-12T09:47:43.258+0100][gc,phases     ] GC(6)   Evacuate Collection Set: 8,8ms
[2024-02-12T09:47:43.258+0100][gc,phases     ] GC(6)   Post Evacuate Collection Set: 0,8ms
[2024-02-12T09:47:43.258+0100][gc,phases     ] GC(6)   Other: 0,5ms
[2024-02-12T09:47:43.258+0100][gc,heap       ] GC(6) Eden regions: 44->0(46)
[2024-02-12T09:47:43.258+0100][gc,heap       ] GC(6) Survivor regions: 7->5(7)
[2024-02-12T09:47:43.258+0100][gc,heap       ] GC(6) Old regions: 10->13
[2024-02-12T09:47:43.258+0100][gc,heap       ] GC(6) Humongous regions: 153->129
[2024-02-12T09:47:43.258+0100][gc,metaspace  ] GC(6) Metaspace: 41310K(43804K)->41310K(43804K) NonClass: 35525K(36820K)->35525K(36820K) Class: 5785K(6984K)->5785K(6984K)
[2024-02-12T09:47:43.258+0100][gc            ] GC(6) Pause Young (Normal) (G1 Evacuation Pause) 211M->144M(1024M) 10,224ms
[2024-02-12T09:47:43.258+0100][gc,cpu        ] GC(6) User=0,05s Sys=0,01s Real=0,02s
[2024-02-12T10:01:46.867+0100][gc,start      ] GC(7) Pause Young (Normal) (G1 Evacuation Pause)
[2024-02-12T10:01:46.867+0100][gc,task       ] GC(7) Using 8 workers of 8 for evacuation
[2024-02-12T10:01:46.873+0100][gc,phases     ] GC(7)   Pre Evacuate Collection Set: 0,0ms
[2024-02-12T10:01:46.873+0100][gc,phases     ] GC(7)   Evacuate Collection Set: 5,4ms
[2024-02-12T10:01:46.873+0100][gc,phases     ] GC(7)   Post Evacuate Collection Set: 0,8ms
[2024-02-12T10:01:46.873+0100][gc,phases     ] GC(7)   Other: 0,2ms
[2024-02-12T10:01:46.873+0100][gc,heap       ] GC(7) Eden regions: 46->0(45)
[2024-02-12T10:01:46.873+0100][gc,heap       ] GC(7) Survivor regions: 5->6(7)
[2024-02-12T10:01:46.873+0100][gc,heap       ] GC(7) Old regions: 13->16
[2024-02-12T10:01:46.873+0100][gc,heap       ] GC(7) Humongous regions: 129->129
[2024-02-12T10:01:46.873+0100][gc,metaspace  ] GC(7) Metaspace: 44527K(47772K)->44527K(47772K) NonClass: 38141K(39892K)->38141K(39892K) Class: 6386K(7880K)->6386K(7880K)
[2024-02-12T10:01:46.873+0100][gc            ] GC(7) Pause Young (Normal) (G1 Evacuation Pause) 190M->148M(1024M) 6,468ms
[2024-02-12T10:01:46.873+0100][gc,cpu        ] GC(7) User=0,04s Sys=0,00s Real=0,01s
[2024-02-12T10:20:11.664+0100][gc,start      ] GC(8) Pause Young (Normal) (G1 Evacuation Pause)
[2024-02-12T10:20:11.664+0100][gc,task       ] GC(8) Using 8 workers of 8 for evacuation
[2024-02-12T10:20:11.672+0100][gc,phases     ] GC(8)   Pre Evacuate Collection Set: 0,1ms
[2024-02-12T10:20:11.672+0100][gc,phases     ] GC(8)   Evacuate Collection Set: 6,9ms
[2024-02-12T10:20:11.672+0100][gc,phases     ] GC(8)   Post Evacuate Collection Set: 0,8ms
[2024-02-12T10:20:11.672+0100][gc,phases     ] GC(8)   Other: 0,4ms
[2024-02-12T10:20:11.672+0100][gc,heap       ] GC(8) Eden regions: 45->0(47)
[2024-02-12T10:20:11.672+0100][gc,heap       ] GC(8) Survivor regions: 6->4(7)
[2024-02-12T10:20:11.672+0100][gc,heap       ] GC(8) Old regions: 16->18
[2024-02-12T10:20:11.672+0100][gc,heap       ] GC(8) Humongous regions: 129->129
[2024-02-12T10:20:11.672+0100][gc,metaspace  ] GC(8) Metaspace: 44938K(48156K)->44938K(48156K) NonClass: 38500K(40148K)->38500K(40148K) Class: 6438K(8008K)->6438K(8008K)
[2024-02-12T10:20:11.672+0100][gc            ] GC(8) Pause Young (Normal) (G1 Evacuation Pause) 193M->148M(1024M) 8,182ms
[2024-02-12T10:20:11.672+0100][gc,cpu        ] GC(8) User=0,05s Sys=0,01s Real=0,01s
[2024-02-12T10:35:52.753+0100][gc,start      ] GC(9) Pause Young (Normal) (G1 Evacuation Pause)
[2024-02-12T10:35:52.753+0100][gc,task       ] GC(9) Using 8 workers of 8 for evacuation
[2024-02-12T10:35:52.759+0100][gc,phases     ] GC(9)   Pre Evacuate Collection Set: 0,1ms
[2024-02-12T10:35:52.759+0100][gc,phases     ] GC(9)   Evacuate Collection Set: 4,5ms
[2024-02-12T10:35:52.759+0100][gc,phases     ] GC(9)   Post Evacuate Collection Set: 1,5ms
[2024-02-12T10:35:52.760+0100][gc,phases     ] GC(9)   Other: 0,4ms
[2024-02-12T10:35:52.760+0100][gc,heap       ] GC(9) Eden regions: 47->0(48)
[2024-02-12T10:35:52.760+0100][gc,heap       ] GC(9) Survivor regions: 4->3(7)
[2024-02-12T10:35:52.760+0100][gc,heap       ] GC(9) Old regions: 18->18
[2024-02-12T10:35:52.760+0100][gc,heap       ] GC(9) Humongous regions: 129->129
[2024-02-12T10:35:52.760+0100][gc,metaspace  ] GC(9) Metaspace: 45211K(48412K)->45211K(48412K) NonClass: 38767K(40404K)->38767K(40404K) Class: 6443K(8008K)->6443K(8008K)
[2024-02-12T10:35:52.760+0100][gc            ] GC(9) Pause Young (Normal) (G1 Evacuation Pause) 195M->147M(1024M) 6,503ms
[2024-02-12T10:35:52.760+0100][gc,cpu        ] GC(9) User=0,05s Sys=0,00s Real=0,00s
[2024-02-12T10:41:51.437+0100][gc,heap,exit  ] Heap
[2024-02-12T10:41:51.437+0100][gc,heap,exit  ]  garbage-first heap   total 1048576K, used 184046K [0x00000000c0000000, 0x0000000100000000)
[2024-02-12T10:41:51.437+0100][gc,heap,exit  ]   region size 1024K, 37 young (37888K), 3 survivors (3072K)
[2024-02-12T10:41:51.437+0100][gc,heap,exit  ]  Metaspace       used 46106K, capacity 49467K, committed 49564K, reserved 1091584K
[2024-02-12T10:41:51.437+0100][gc,heap,exit  ]   class space    used 6673K, capacity 8297K, committed 8392K, reserved 1048576K
