[2024-02-11T21:09:18.652+0100][gc,heap] Heap region size: 1M
[2024-02-11T21:09:18.661+0100][gc     ] Using G1
[2024-02-11T21:09:18.661+0100][gc,heap,coops] Heap address: 0x00000000e0000000, size: 512 MB, Compressed Oops mode: 32-bit
[2024-02-11T21:09:18.661+0100][gc,cds       ] Mark closed archive regions in map: [0x00000000fff00000, 0x00000000fff6bff8]
[2024-02-11T21:09:18.661+0100][gc,cds       ] Mark open archive regions in map: [0x00000000ffe00000, 0x00000000ffe47ff8]
[2024-02-11T21:13:50.759+0100][gc,start     ] GC(0) Pause Young (Normal) (G1 Evacuation Pause)
[2024-02-11T21:13:50.760+0100][gc,task      ] GC(0) Using 8 workers of 8 for evacuation
[2024-02-11T21:13:50.768+0100][gc,phases    ] GC(0)   Pre Evacuate Collection Set: 0,0ms
[2024-02-11T21:13:50.768+0100][gc,phases    ] GC(0)   Evacuate Collection Set: 7,6ms
[2024-02-11T21:13:50.768+0100][gc,phases    ] GC(0)   Post Evacuate Collection Set: 0,3ms
[2024-02-11T21:13:50.768+0100][gc,phases    ] GC(0)   Other: 1,3ms
[2024-02-11T21:13:50.768+0100][gc,heap      ] GC(0) Eden regions: 25->0(21)
[2024-02-11T21:13:50.768+0100][gc,heap      ] GC(0) Survivor regions: 0->4(4)
[2024-02-11T21:13:50.768+0100][gc,heap      ] GC(0) Old regions: 2->4
[2024-02-11T21:13:50.768+0100][gc,heap      ] GC(0) Humongous regions: 0->0
[2024-02-11T21:13:50.768+0100][gc,metaspace ] GC(0) Metaspace: 7799K(8192K)->7799K(8192K) NonClass: 6915K(7168K)->6915K(7168K) Class: 884K(1024K)->884K(1024K)
[2024-02-11T21:13:50.768+0100][gc           ] GC(0) Pause Young (Normal) (G1 Evacuation Pause) 25M->6M(512M) 9,332ms
[2024-02-11T21:13:50.768+0100][gc,cpu       ] GC(0) User=0,06s Sys=0,00s Real=0,00s
[2024-02-11T21:34:43.183+0100][gc,heap,exit ] Heap
[2024-02-11T21:34:43.183+0100][gc,heap,exit ]  garbage-first heap   total 524288K, used 12459K [0x00000000e0000000, 0x0000000100000000)
[2024-02-11T21:34:43.183+0100][gc,heap,exit ]   region size 1024K, 11 young (11264K), 4 survivors (4096K)
[2024-02-11T21:34:43.183+0100][gc,heap,exit ]  Metaspace       used 8372K, capacity 8653K, committed 8704K, reserved 1056768K
[2024-02-11T21:34:43.183+0100][gc,heap,exit ]   class space    used 901K, capacity 1014K, committed 1024K, reserved 1048576K
