[2024-02-12T11:01:21.536+0100][gc,heap] Heap region size: 1M
[2024-02-12T11:01:21.563+0100][gc     ] Using G1
[2024-02-12T11:01:21.563+0100][gc,heap,coops] Heap address: 0x00000000e0000000, size: 512 MB, Compressed Oops mode: 32-bit
[2024-02-12T11:01:21.564+0100][gc,cds       ] Mark closed archive regions in map: [0x00000000fff00000, 0x00000000fff6bff8]
[2024-02-12T11:01:21.564+0100][gc,cds       ] Mark open archive regions in map: [0x00000000ffe00000, 0x00000000ffe47ff8]
[2024-02-12T11:01:58.402+0100][gc,start     ] GC(0) Pause Young (Normal) (G1 Evacuation Pause)
[2024-02-12T11:01:58.403+0100][gc,task      ] GC(0) Using 8 workers of 8 for evacuation
[2024-02-12T11:01:58.412+0100][gc,phases    ] GC(0)   Pre Evacuate Collection Set: 0,0ms
[2024-02-12T11:01:58.412+0100][gc,phases    ] GC(0)   Evacuate Collection Set: 7,9ms
[2024-02-12T11:01:58.412+0100][gc,phases    ] GC(0)   Post Evacuate Collection Set: 0,4ms
[2024-02-12T11:01:58.412+0100][gc,phases    ] GC(0)   Other: 1,2ms
[2024-02-12T11:01:58.412+0100][gc,heap      ] GC(0) Eden regions: 25->0(21)
[2024-02-12T11:01:58.412+0100][gc,heap      ] GC(0) Survivor regions: 0->4(4)
[2024-02-12T11:01:58.412+0100][gc,heap      ] GC(0) Old regions: 2->4
[2024-02-12T11:01:58.412+0100][gc,heap      ] GC(0) Humongous regions: 0->0
[2024-02-12T11:01:58.412+0100][gc,metaspace ] GC(0) Metaspace: 7826K(8448K)->7826K(8448K) NonClass: 6950K(7424K)->6950K(7424K) Class: 875K(1024K)->875K(1024K)
[2024-02-12T11:01:58.412+0100][gc           ] GC(0) Pause Young (Normal) (G1 Evacuation Pause) 25M->6M(512M) 9,678ms
[2024-02-12T11:01:58.412+0100][gc,cpu       ] GC(0) User=0,05s Sys=0,01s Real=0,01s
[2024-02-12T13:59:30.734+0100][gc,heap,exit ] Heap
[2024-02-12T13:59:30.734+0100][gc,heap,exit ]  garbage-first heap   total 524288K, used 13574K [0x00000000e0000000, 0x0000000100000000)
[2024-02-12T13:59:30.734+0100][gc,heap,exit ]   region size 1024K, 12 young (12288K), 4 survivors (4096K)
[2024-02-12T13:59:30.734+0100][gc,heap,exit ]  Metaspace       used 8500K, capacity 8781K, committed 8960K, reserved 1056768K
[2024-02-12T13:59:30.734+0100][gc,heap,exit ]   class space    used 903K, capacity 1014K, committed 1024K, reserved 1048576K
