[2024-02-11T21:35:40.342+0100][gc,heap] Heap region size: 1M
[2024-02-11T21:35:40.351+0100][gc     ] Using G1
[2024-02-11T21:35:40.351+0100][gc,heap,coops] Heap address: 0x00000000e0000000, size: 512 MB, Compressed Oops mode: 32-bit
[2024-02-11T21:35:40.351+0100][gc,cds       ] Mark closed archive regions in map: [0x00000000fff00000, 0x00000000fff6bff8]
[2024-02-11T21:35:40.351+0100][gc,cds       ] Mark open archive regions in map: [0x00000000ffe00000, 0x00000000ffe47ff8]
[2024-02-11T21:35:41.053+0100][gc,start     ] GC(0) Pause Young (Normal) (G1 Evacuation Pause)
[2024-02-11T21:35:41.054+0100][gc,task      ] GC(0) Using 8 workers of 8 for evacuation
[2024-02-11T21:35:41.068+0100][gc,phases    ] GC(0)   Pre Evacuate Collection Set: 0,0ms
[2024-02-11T21:35:41.068+0100][gc,phases    ] GC(0)   Evacuate Collection Set: 13,6ms
[2024-02-11T21:35:41.068+0100][gc,phases    ] GC(0)   Post Evacuate Collection Set: 0,7ms
[2024-02-11T21:35:41.068+0100][gc,phases    ] GC(0)   Other: 1,4ms
[2024-02-11T21:35:41.068+0100][gc,heap      ] GC(0) Eden regions: 25->0(21)
[2024-02-11T21:35:41.068+0100][gc,heap      ] GC(0) Survivor regions: 0->4(4)
[2024-02-11T21:35:41.068+0100][gc,heap      ] GC(0) Old regions: 2->4
[2024-02-11T21:35:41.069+0100][gc,heap      ] GC(0) Humongous regions: 0->0
[2024-02-11T21:35:41.069+0100][gc,metaspace ] GC(0) Metaspace: 7826K(8448K)->7826K(8448K) NonClass: 6950K(7424K)->6950K(7424K) Class: 875K(1024K)->875K(1024K)
[2024-02-11T21:35:41.069+0100][gc           ] GC(0) Pause Young (Normal) (G1 Evacuation Pause) 25M->6M(512M) 16,041ms
[2024-02-11T21:35:41.069+0100][gc,cpu       ] GC(0) User=0,09s Sys=0,00s Real=0,01s
[2024-02-11T21:48:59.224+0100][gc,heap,exit ] Heap
[2024-02-11T21:48:59.224+0100][gc,heap,exit ]  garbage-first heap   total 524288K, used 11564K [0x00000000e0000000, 0x0000000100000000)
[2024-02-11T21:48:59.224+0100][gc,heap,exit ]   region size 1024K, 10 young (10240K), 4 survivors (4096K)
[2024-02-11T21:48:59.224+0100][gc,heap,exit ]  Metaspace       used 8333K, capacity 8653K, committed 8704K, reserved 1056768K
[2024-02-11T21:48:59.224+0100][gc,heap,exit ]   class space    used 904K, capacity 1014K, committed 1024K, reserved 1048576K
