[2024-02-11T21:49:27.494+0100][gc,heap] Heap region size: 1M
[2024-02-11T21:49:27.503+0100][gc     ] Using G1
[2024-02-11T21:49:27.503+0100][gc,heap,coops] Heap address: 0x00000000e0000000, size: 512 MB, Compressed Oops mode: 32-bit
[2024-02-11T21:49:27.503+0100][gc,cds       ] Mark closed archive regions in map: [0x00000000fff00000, 0x00000000fff6bff8]
[2024-02-11T21:49:27.503+0100][gc,cds       ] Mark open archive regions in map: [0x00000000ffe00000, 0x00000000ffe47ff8]
[2024-02-11T21:49:57.431+0100][gc,start     ] GC(0) Pause Young (Normal) (G1 Evacuation Pause)
[2024-02-11T21:49:57.432+0100][gc,task      ] GC(0) Using 8 workers of 8 for evacuation
[2024-02-11T21:49:57.442+0100][gc,phases    ] GC(0)   Pre Evacuate Collection Set: 0,0ms
[2024-02-11T21:49:57.442+0100][gc,phases    ] GC(0)   Evacuate Collection Set: 9,0ms
[2024-02-11T21:49:57.442+0100][gc,phases    ] GC(0)   Post Evacuate Collection Set: 0,4ms
[2024-02-11T21:49:57.442+0100][gc,phases    ] GC(0)   Other: 1,2ms
[2024-02-11T21:49:57.442+0100][gc,heap      ] GC(0) Eden regions: 25->0(21)
[2024-02-11T21:49:57.442+0100][gc,heap      ] GC(0) Survivor regions: 0->4(4)
[2024-02-11T21:49:57.442+0100][gc,heap      ] GC(0) Old regions: 2->4
[2024-02-11T21:49:57.442+0100][gc,heap      ] GC(0) Humongous regions: 0->0
[2024-02-11T21:49:57.442+0100][gc,metaspace ] GC(0) Metaspace: 7817K(8192K)->7817K(8192K) NonClass: 6941K(7168K)->6941K(7168K) Class: 875K(1024K)->875K(1024K)
[2024-02-11T21:49:57.442+0100][gc           ] GC(0) Pause Young (Normal) (G1 Evacuation Pause) 25M->6M(512M) 10,783ms
[2024-02-11T21:49:57.442+0100][gc,cpu       ] GC(0) User=0,06s Sys=0,01s Real=0,01s
[2024-02-12T09:39:55.121+0100][gc,heap,exit ] Heap
[2024-02-12T09:39:55.121+0100][gc,heap,exit ]  garbage-first heap   total 524288K, used 12635K [0x00000000e0000000, 0x0000000100000000)
[2024-02-12T09:39:55.121+0100][gc,heap,exit ]   region size 1024K, 11 young (11264K), 4 survivors (4096K)
[2024-02-12T09:39:55.121+0100][gc,heap,exit ]  Metaspace       used 8487K, capacity 8841K, committed 8960K, reserved 1056768K
[2024-02-12T09:39:55.121+0100][gc,heap,exit ]   class space    used 903K, capacity 1014K, committed 1024K, reserved 1048576K
